Archive member included to satisfy reference by file (symbol)

c:/st/stm32cubeide_1.8.0/stm32cubeide/plugins/com.st.stm32cube.ide.mcu.externaltools.gnu-tools-for-stm32.9-2020-q2-update.win32_2.0.0.202105311346/tools/bin/../lib/gcc/arm-none-eabi/9.3.1/../../../../arm-none-eabi/lib/thumb/v7e-m/nofp\libc_nano.a(lib_a-calloc.o)
                              ./Src/main.o (calloc)
c:/st/stm32cubeide_1.8.0/stm32cubeide/plugins/com.st.stm32cube.ide.mcu.externaltools.gnu-tools-for-stm32.9-2020-q2-update.win32_2.0.0.202105311346/tools/bin/../lib/gcc/arm-none-eabi/9.3.1/../../../../arm-none-eabi/lib/thumb/v7e-m/nofp\libc_nano.a(lib_a-ctype_.o)
                              ./Crypto_Engine/Src/PolyAlphabetic_Cipher.o (_ctype_)
c:/st/stm32cubeide_1.8.0/stm32cubeide/plugins/com.st.stm32cube.ide.mcu.externaltools.gnu-tools-for-stm32.9-2020-q2-update.win32_2.0.0.202105311346/tools/bin/../lib/gcc/arm-none-eabi/9.3.1/../../../../arm-none-eabi/lib/thumb/v7e-m/nofp\libc_nano.a(lib_a-errno.o)
                              ./Src/syscalls.o (__errno)
c:/st/stm32cubeide_1.8.0/stm32cubeide/plugins/com.st.stm32cube.ide.mcu.externaltools.gnu-tools-for-stm32.9-2020-q2-update.win32_2.0.0.202105311346/tools/bin/../lib/gcc/arm-none-eabi/9.3.1/../../../../arm-none-eabi/lib/thumb/v7e-m/nofp\libc_nano.a(lib_a-exit.o)
                              c:/st/stm32cubeide_1.8.0/stm32cubeide/plugins/com.st.stm32cube.ide.mcu.externaltools.gnu-tools-for-stm32.9-2020-q2-update.win32_2.0.0.202105311346/tools/bin/../lib/gcc/arm-none-eabi/9.3.1/../../../../arm-none-eabi/lib/thumb/v7e-m/nofp/crt0.o (exit)
c:/st/stm32cubeide_1.8.0/stm32cubeide/plugins/com.st.stm32cube.ide.mcu.externaltools.gnu-tools-for-stm32.9-2020-q2-update.win32_2.0.0.202105311346/tools/bin/../lib/gcc/arm-none-eabi/9.3.1/../../../../arm-none-eabi/lib/thumb/v7e-m/nofp\libc_nano.a(lib_a-impure.o)
                              c:/st/stm32cubeide_1.8.0/stm32cubeide/plugins/com.st.stm32cube.ide.mcu.externaltools.gnu-tools-for-stm32.9-2020-q2-update.win32_2.0.0.202105311346/tools/bin/../lib/gcc/arm-none-eabi/9.3.1/../../../../arm-none-eabi/lib/thumb/v7e-m/nofp\libc_nano.a(lib_a-exit.o) (_global_impure_ptr)
c:/st/stm32cubeide_1.8.0/stm32cubeide/plugins/com.st.stm32cube.ide.mcu.externaltools.gnu-tools-for-stm32.9-2020-q2-update.win32_2.0.0.202105311346/tools/bin/../lib/gcc/arm-none-eabi/9.3.1/../../../../arm-none-eabi/lib/thumb/v7e-m/nofp\libc_nano.a(lib_a-init.o)
                              c:/st/stm32cubeide_1.8.0/stm32cubeide/plugins/com.st.stm32cube.ide.mcu.externaltools.gnu-tools-for-stm32.9-2020-q2-update.win32_2.0.0.202105311346/tools/bin/../lib/gcc/arm-none-eabi/9.3.1/../../../../arm-none-eabi/lib/thumb/v7e-m/nofp/crt0.o (__libc_init_array)
c:/st/stm32cubeide_1.8.0/stm32cubeide/plugins/com.st.stm32cube.ide.mcu.externaltools.gnu-tools-for-stm32.9-2020-q2-update.win32_2.0.0.202105311346/tools/bin/../lib/gcc/arm-none-eabi/9.3.1/../../../../arm-none-eabi/lib/thumb/v7e-m/nofp\libc_nano.a(lib_a-memset.o)
                              c:/st/stm32cubeide_1.8.0/stm32cubeide/plugins/com.st.stm32cube.ide.mcu.externaltools.gnu-tools-for-stm32.9-2020-q2-update.win32_2.0.0.202105311346/tools/bin/../lib/gcc/arm-none-eabi/9.3.1/../../../../arm-none-eabi/lib/thumb/v7e-m/nofp/crt0.o (memset)
c:/st/stm32cubeide_1.8.0/stm32cubeide/plugins/com.st.stm32cube.ide.mcu.externaltools.gnu-tools-for-stm32.9-2020-q2-update.win32_2.0.0.202105311346/tools/bin/../lib/gcc/arm-none-eabi/9.3.1/../../../../arm-none-eabi/lib/thumb/v7e-m/nofp\libc_nano.a(lib_a-nano-callocr.o)
                              c:/st/stm32cubeide_1.8.0/stm32cubeide/plugins/com.st.stm32cube.ide.mcu.externaltools.gnu-tools-for-stm32.9-2020-q2-update.win32_2.0.0.202105311346/tools/bin/../lib/gcc/arm-none-eabi/9.3.1/../../../../arm-none-eabi/lib/thumb/v7e-m/nofp\libc_nano.a(lib_a-calloc.o) (_calloc_r)
c:/st/stm32cubeide_1.8.0/stm32cubeide/plugins/com.st.stm32cube.ide.mcu.externaltools.gnu-tools-for-stm32.9-2020-q2-update.win32_2.0.0.202105311346/tools/bin/../lib/gcc/arm-none-eabi/9.3.1/../../../../arm-none-eabi/lib/thumb/v7e-m/nofp\libc_nano.a(lib_a-nano-mallocr.o)
                              c:/st/stm32cubeide_1.8.0/stm32cubeide/plugins/com.st.stm32cube.ide.mcu.externaltools.gnu-tools-for-stm32.9-2020-q2-update.win32_2.0.0.202105311346/tools/bin/../lib/gcc/arm-none-eabi/9.3.1/../../../../arm-none-eabi/lib/thumb/v7e-m/nofp\libc_nano.a(lib_a-nano-callocr.o) (_malloc_r)
c:/st/stm32cubeide_1.8.0/stm32cubeide/plugins/com.st.stm32cube.ide.mcu.externaltools.gnu-tools-for-stm32.9-2020-q2-update.win32_2.0.0.202105311346/tools/bin/../lib/gcc/arm-none-eabi/9.3.1/../../../../arm-none-eabi/lib/thumb/v7e-m/nofp\libc_nano.a(lib_a-printf.o)
                              ./Crypto_Engine/Src/MonoAlphabetic_Cipher.o (printf)
[...]
Memory Configuration

Name             Origin             Length             Attributes
RAM              0x0000000020000000 0x0000000000020000 xrw
FLASH            0x0000000008000000 0x0000000000080000 xr
*default*        0x0000000000000000 0xffffffffffffffff

Linker script and memory map

LOAD c:/st/stm32cubeide_1.8.0/stm32cubeide/plugins/com.st.stm32cube.ide.mcu.externaltools.gnu-tools-for-stm32.9-2020-q2-update.win32_2.0.0.202105311346/tools/bin/../lib/gcc/arm-none-eabi/9.3.1/thumb/v7e-m/nofp/crti.o
LOAD c:/st/stm32cubeide_1.8.0/stm32cubeide/plugins/com.st.stm32cube.ide.mcu.externaltools.gnu-tools-for-stm32.9-2020-q2-update.win32_2.0.0.202105311346/tools/bin/../lib/gcc/arm-none-eabi/9.3.1/thumb/v7e-m/nofp/crtbegin.o
LOAD c:/st/stm32cubeide_1.8.0/stm32cubeide/plugins/com.st.stm32cube.ide.mcu.externaltools.gnu-tools-for-stm32.9-2020-q2-update.win32_2.0.0.202105311346/tools/bin/../lib/gcc/arm-none-eabi/9.3.1/../../../../arm-none-eabi/lib/thumb/v7e-m/nofp/crt0.o
LOAD ./Crypto_Engine/Src/MonoAlphabetic_Cipher.o
LOAD ./Crypto_Engine/Src/Multiplicative_Cipher.o
LOAD ./Crypto_Engine/Src/PolyAlphabetic_Cipher.o
LOAD ./Crypto_Engine/Src/ceasars_cipher.o
LOAD ./Src/adc.o
LOAD ./Src/bsp.o
LOAD ./Src/fpu.o
LOAD ./Src/main.o
LOAD ./Src/syscalls.o
LOAD ./Src/sysmem.o
LOAD ./Src/timebase.o
LOAD ./Src/uart.o
LOAD ./Startup/startup_stm32f446retx.o
START GROUP
LOAD c:/st/stm32cubeide_1.8.0/stm32cubeide/plugins/com.st.stm32cube.ide.mcu.externaltools.gnu-tools-for-stm32.9-2020-q2-update.win32_2.0.0.202105311346/tools/bin/../lib/gcc/arm-none-eabi/9.3.1/../../../../arm-none-eabi/lib/thumb/v7e-m/nofp\libc_nano.a
LOAD c:/st/stm32cubeide_1.8.0/stm32cubeide/plugins/com.st.stm32cube.ide.mcu.externaltools.gnu-tools-for-stm32.9-2020-q2-update.win32_2.0.0.202105311346/tools/bin/../lib/gcc/arm-none-eabi/9.3.1/../../../../arm-none-eabi/lib/thumb/v7e-m/nofp\libm.a
END GROUP
START GROUP
LOAD c:/st/stm32cubeide_1.8.0/stm32cubeide/plugins/com.st.stm32cube.ide.mcu.externaltools.gnu-tools-for-stm32.9-2020-q2-update.win32_2.0.0.202105311346/tools/bin/../lib/gcc/arm-none-eabi/9.3.1/thumb/v7e-m/nofp\libgcc.a
LOAD c:/st/stm32cubeide_1.8.0/stm32cubeide/plugins/com.st.stm32cube.ide.mcu.externaltools.gnu-tools-for-stm32.9-2020-q2-update.win32_2.0.0.202105311346/tools/bin/../lib/gcc/arm-none-eabi/9.3.1/../../../../arm-none-eabi/lib/thumb/v7e-m/nofp\libc_nano.a
END GROUP
START GROUP
LOAD c:/st/stm32cubeide_1.8.0/stm32cubeide/plugins/com.st.stm32cube.ide.mcu.externaltools.gnu-tools-for-stm32.9-2020-q2-update.win32_2.0.0.202105311346/tools/bin/../lib/gcc/arm-none-eabi/9.3.1/thumb/v7e-m/nofp\libgcc.a
LOAD c:/st/stm32cubeide_1.8.0/stm32cubeide/plugins/com.st.stm32cube.ide.mcu.externaltools.gnu-tools-for-stm32.9-2020-q2-update.win32_2.0.0.202105311346/tools/bin/../lib/gcc/arm-none-eabi/9.3.1/../../../../arm-none-eabi/lib/thumb/v7e-m/nofp\libc_nano.a
LOAD c:/st/stm32cubeide_1.8.0/stm32cubeide/plugins/com.st.stm32cube.ide.mcu.externaltools.gnu-tools-for-stm32.9-2020-q2-update.win32_2.0.0.202105311346/tools/bin/../lib/gcc/arm-none-eabi/9.3.1/../../../../arm-none-eabi/lib/thumb/v7e-m/nofp\libnosys.a
END GROUP
START GROUP
LOAD c:/st/stm32cubeide_1.8.0/stm32cubeide/plugins/com.st.stm32cube.ide.mcu.externaltools.gnu-tools-for-stm32.9-2020-q2-update.win32_2.0.0.202105311346/tools/bin/../lib/gcc/arm-none-eabi/9.3.1/thumb/v7e-m/nofp\libgcc.a
LOAD c:/st/stm32cubeide_1.8.0/stm32cubeide/plugins/com.st.stm32cube.ide.mcu.externaltools.gnu-tools-for-stm32.9-2020-q2-update.win32_2.0.0.202105311346/tools/bin/../lib/gcc/arm-none-eabi/9.3.1/../../../../arm-none-eabi/lib/thumb/v7e-m/nofp\libc_nano.a
LOAD c:/st/stm32cubeide_1.8.0/stm32cubeide/plugins/com.st.stm32cube.ide.mcu.externaltools.gnu-tools-for-stm32.9-2020-q2-update.win32_2.0.0.202105311346/tools/bin/../lib/gcc/arm-none-eabi/9.3.1/../../../../arm-none-eabi/lib/thumb/v7e-m/nofp\libnosys.a
END GROUP
LOAD c:/st/stm32cubeide_1.8.0/stm32cubeide/plugins/com.st.stm32cube.ide.mcu.externaltools.gnu-tools-for-stm32.9-2020-q2-update.win32_2.0.0.202105311346/tools/bin/../lib/gcc/arm-none-eabi/9.3.1/thumb/v7e-m/nofp/crtend.o
LOAD c:/st/stm32cubeide_1.8.0/stm32cubeide/plugins/com.st.stm32cube.ide.mcu.externaltools.gnu-tools-for-stm32.9-2020-q2-update.win32_2.0.0.202105311346/tools/bin/../lib/gcc/arm-none-eabi/9.3.1/thumb/v7e-m/nofp/crtn.o
                0x0000000020020000                _estack = (ORIGIN (RAM) + LENGTH (RAM))
                0x0000000000000200                _Min_Heap_Size = 0x200
                0x0000000000000400                _Min_Stack_Size = 0x400

.isr_vector     0x0000000008000000      0x1c4
                0x0000000008000000                . = ALIGN (0x4)
 *(.isr_vector)
 .isr_vector    0x0000000008000000      0x1c4 ./Startup/startup_stm32f446retx.o
                0x0000000008000000                g_pfnVectors
                0x00000000080001c4                . = ALIGN (0x4)

.text           0x00000000080001d0     0x2420
                0x00000000080001d0                . = ALIGN (0x4)
 *(.text)
 .text          0x00000000080001d0       0x40 c:/st/stm32cubeide_1.8.0/stm32cubeide/plugins/com.st.stm32cube.ide.mcu.externaltools.gnu-tools-for-stm32.9-2020-q2-update.win32_2.0.0.202105311346/tools/bin/../lib/gcc/arm-none-eabi/9.3.1/thumb/v7e-m/nofp/crtbegin.o
 .text          0x0000000008000210       0x10 c:/st/stm32cubeide_1.8.0/stm32cubeide/plugins/com.st.stm32cube.ide.mcu.externaltools.gnu-tools-for-stm32.9-2020-q2-update.win32_2.0.0.202105311346/tools/bin/../lib/gcc/arm-none-eabi/9.3.1/../../../../arm-none-eabi/lib/thumb/v7e-m/nofp\libc_nano.a(lib_a-strlen.o)
                0x0000000008000210                strlen
 .text          0x0000000008000220       0xa0 c:/st/stm32cubeide_1.8.0/stm32cubeide/plugins/com.st.stm32cube.ide.mcu.externaltools.gnu-tools-for-stm32.9-2020-q2-update.win32_2.0.0.202105311346/tools/bin/../lib/gcc/arm-none-eabi/9.3.1/../../../../arm-none-eabi/lib/thumb/v7e-m/nofp\libc_nano.a(lib_a-memchr.o)
                0x0000000008000220                memchr
 *(.text*)
 .text.encrypt_monoalphabetic
                0x00000000080002c0       0x92 ./Crypto_Engine/Src/MonoAlphabetic_Cipher.o
                0x00000000080002c0                encrypt_monoalphabetic
 *fill*         0x0000000008000352        0x2 
 .text.decrypt_monoalphabetic
                0x0000000008000354      0x110 ./Crypto_Engine/Src/MonoAlphabetic_Cipher.o
                0x0000000008000354                decrypt_monoalphabetic
 .text.encryptive_multiplicative
                0x0000000008000464       0xc0 ./Crypto_Engine/Src/Multiplicative_Cipher.o
                0x0000000008000464                encryptive_multiplicative
 .text.mod_inverse
                0x0000000008000524       0x4a ./Crypto_Engine/Src/Multiplicative_Cipher.o
 *fill*         0x000000000800056e        0x2 
 .text.decrypt_multiplicative
                0x0000000008000570       0xdc ./Crypto_Engine/Src/Multiplicative_Cipher.o
                0x0000000008000570                decrypt_multiplicative
 .text.encrypt_Vigenere
                0x000000000800064c      0x108 ./Crypto_Engine/Src/PolyAlphabetic_Cipher.o
                0x000000000800064c                encrypt_Vigenere
 .text.decrypt_Vigenere
                0x0000000008000754      0x10c ./Crypto_Engine/Src/PolyAlphabetic_Cipher.o
                0x0000000008000754                decrypt_Vigenere
 .text.PolyAlphabetic_KeyNormalize
                0x0000000008000860       0x60 ./Crypto_Engine/Src/PolyAlphabetic_Cipher.o
                0x0000000008000860                PolyAlphabetic_KeyNormalize
 .text.encrypt_NormalizeVigenere
                0x00000000080008c0       0xcc ./Crypto_Engine/Src/PolyAlphabetic_Cipher.o
                0x00000000080008c0                encrypt_NormalizeVigenere
 .text.decrypt_NormalizeVigenere
                0x000000000800098c       0xd0 ./Crypto_Engine/Src/PolyAlphabetic_Cipher.o
                0x000000000800098c                decrypt_NormalizeVigenere
 .text.ceasar_encrypt
                0x0000000008000a5c       0xb8 ./Crypto_Engine/Src/ceasars_cipher.o
                0x0000000008000a5c                ceasar_encrypt
 .text.ceasar_decrypt
                0x0000000008000b14       0xbc ./Crypto_Engine/Src/ceasars_cipher.o
                0x0000000008000b14                ceasar_decrypt
 .text.encrypt_Ceasar_cipher
                0x0000000008000bd0       0x22 ./Crypto_Engine/Src/ceasars_cipher.o
                0x0000000008000bd0                encrypt_Ceasar_cipher
 .text.decrypt_Ceasar_cipher
                0x0000000008000bf2       0x22 ./Crypto_Engine/Src/ceasars_cipher.o
                0x0000000008000bf2                decrypt_Ceasar_cipher
 .text.ceasar_decrypt_hack
                0x0000000008000c14       0xa0 ./Crypto_Engine/Src/ceasars_cipher.o
                0x0000000008000c14                ceasar_decrypt_hack
 .text.pa1_adc_init
                0x0000000008000cb4       0x60 ./Src/adc.o
                0x0000000008000cb4                pa1_adc_init
 .text.startadc_conversion
                0x0000000008000d14       0x28 ./Src/adc.o
                0x0000000008000d14                startadc_conversion
 .text.led_init
                0x0000000008000d3c       0x38 ./Src/bsp.o
                0x0000000008000d3c                led_init
 .text.button_init
                0x0000000008000d74       0x38 ./Src/bsp.o
                0x0000000008000d74                button_init
 .text.fpu_enable
                0x0000000008000dac       0x50 ./Src/fpu.o
                0x0000000008000dac                fpu_enable
 .text.main     0x0000000008000dfc      0x3d8 ./Src/main.o
                0x0000000008000dfc                main
 .text._read    0x00000000080011d4       0x3a ./Src/syscalls.o
                0x00000000080011d4                _read
 .text._write   0x000000000800120e       0x38 ./Src/syscalls.o
                0x000000000800120e                _write
 .text._close   0x0000000008001246       0x16 ./Src/syscalls.o
                0x0000000008001246                _close
 .text._fstat   0x000000000800125c       0x1e ./Src/syscalls.o
                0x000000000800125c                _fstat
 .text._isatty  0x000000000800127a       0x14 ./Src/syscalls.o
                0x000000000800127a                _isatty
 .text._lseek   0x000000000800128e       0x18 ./Src/syscalls.o
                0x000000000800128e                _lseek
 *fill*         0x00000000080012a6        0x2 
 .text._sbrk    0x00000000080012a8       0x6c ./Src/sysmem.o
                0x00000000080012a8                _sbrk
 .text.tick_increment
                0x0000000008001314       0x1c ./Src/timebase.o
 .text.timer_init
                0x0000000008001330       0x4c ./Src/timebase.o
                0x0000000008001330                timer_init
 .text.SysTick_Handler
                0x000000000800137c        0xc ./Src/timebase.o
                0x000000000800137c                SysTick_Handler
 .text.uart_init
                0x0000000008001388       0x94 ./Src/uart.o
                0x0000000008001388                uart_init
 .text.compute_uart_bd
                0x000000000800141c       0x24 ./Src/uart.o
 .text.uart_set_baudrate
                0x0000000008001440       0x28 ./Src/uart.o
 .text.__io_putchar
                0x0000000008001468       0x18 ./Src/uart.o
                0x0000000008001468                __io_putchar
 .text.uart_write
                0x0000000008001480       0x2c ./Src/uart.o
                0x0000000008001480                uart_write
 .text.Reset_Handler
                0x00000000080014ac       0x50 ./Startup/startup_stm32f446retx.o
                0x00000000080014ac                Reset_Handler
 .text.Default_Handler
                0x00000000080014fc        0x2 ./Startup/startup_stm32f446retx.o
                0x00000000080014fc                RTC_Alarm_IRQHandler
                0x00000000080014fc                EXTI2_IRQHandler
                0x00000000080014fc                TIM8_CC_IRQHandler
                0x00000000080014fc                SPDIF_Rx_IRQHandler
                0x00000000080014fc                DebugMon_Handler
                0x00000000080014fc                SPI4_IRQHandler
                0x00000000080014fc                TIM1_CC_IRQHandler
                0x00000000080014fc                QuadSPI_IRQHandler
                0x00000000080014fc                DMA2_Stream5_IRQHandler
                0x00000000080014fc                HardFault_Handler
                0x00000000080014fc                DMA1_Stream5_IRQHandler
                0x00000000080014fc                PVD_IRQHandler
                0x00000000080014fc                SDIO_IRQHandler
                0x00000000080014fc                TAMP_STAMP_IRQHandler
                0x00000000080014fc                PendSV_Handler
                0x00000000080014fc                NMI_Handler
                0x00000000080014fc                CAN2_RX1_IRQHandler
                0x00000000080014fc                EXTI3_IRQHandler
                0x00000000080014fc                TIM8_TRG_COM_TIM14_IRQHandler
                0x00000000080014fc                TIM1_UP_TIM10_IRQHandler
                0x00000000080014fc                FMPI2C1_error_IRQHandler
                0x00000000080014fc                TIM8_UP_TIM13_IRQHandler
                0x00000000080014fc                I2C3_ER_IRQHandler
                0x00000000080014fc                EXTI0_IRQHandler
                0x00000000080014fc                I2C2_EV_IRQHandler
                0x00000000080014fc                DMA1_Stream2_IRQHandler
                0x00000000080014fc                CAN1_RX0_IRQHandler
                0x00000000080014fc                FPU_IRQHandler
                0x00000000080014fc                OTG_HS_WKUP_IRQHandler
                0x00000000080014fc                UsageFault_Handler
                0x00000000080014fc                CAN2_SCE_IRQHandler
                0x00000000080014fc                DMA2_Stream2_IRQHandler
                0x00000000080014fc                SPI1_IRQHandler
                0x00000000080014fc                TIM6_DAC_IRQHandler
                0x00000000080014fc                TIM1_BRK_TIM9_IRQHandler
                0x00000000080014fc                DCMI_IRQHandler
                0x00000000080014fc                CAN2_RX0_IRQHandler
                0x00000000080014fc                DMA2_Stream3_IRQHandler
                0x00000000080014fc                FMPI2C1_IRQHandler
                0x00000000080014fc                SAI2_IRQHandler
                0x00000000080014fc                USART6_IRQHandler
                0x00000000080014fc                USART3_IRQHandler
                0x00000000080014fc                CAN1_RX1_IRQHandler
                0x00000000080014fc                UART5_IRQHandler
                0x00000000080014fc                DMA2_Stream0_IRQHandler
                0x00000000080014fc                TIM4_IRQHandler
                0x00000000080014fc                I2C1_EV_IRQHandler
                0x00000000080014fc                HDMI_CEC_IRQHandler
                0x00000000080014fc                DMA1_Stream6_IRQHandler
                0x00000000080014fc                DMA1_Stream1_IRQHandler
                0x00000000080014fc                UART4_IRQHandler
                0x00000000080014fc                TIM3_IRQHandler
                0x00000000080014fc                RCC_IRQHandler
                0x00000000080014fc                TIM8_BRK_TIM12_IRQHandler
                0x00000000080014fc                Default_Handler
                0x00000000080014fc                EXTI15_10_IRQHandler
                0x00000000080014fc                ADC_IRQHandler
                0x00000000080014fc                DMA1_Stream7_IRQHandler
                0x00000000080014fc                TIM7_IRQHandler
                0x00000000080014fc                CAN2_TX_IRQHandler
                0x00000000080014fc                TIM5_IRQHandler
                0x00000000080014fc                DMA2_Stream7_IRQHandler
                0x00000000080014fc                I2C3_EV_IRQHandler
                0x00000000080014fc                EXTI9_5_IRQHandler
                0x00000000080014fc                RTC_WKUP_IRQHandler
                0x00000000080014fc                SPI2_IRQHandler
                0x00000000080014fc                OTG_HS_EP1_IN_IRQHandler
                0x00000000080014fc                MemManage_Handler
                0x00000000080014fc                DMA1_Stream0_IRQHandler
                0x00000000080014fc                CAN1_TX_IRQHandler
                0x00000000080014fc                SVC_Handler
                0x00000000080014fc                EXTI4_IRQHandler
                0x00000000080014fc                OTG_HS_EP1_OUT_IRQHandler
                0x00000000080014fc                WWDG_IRQHandler
                0x00000000080014fc                TIM2_IRQHandler
                0x00000000080014fc                OTG_FS_WKUP_IRQHandler
                0x00000000080014fc                TIM1_TRG_COM_TIM11_IRQHandler
                0x00000000080014fc                OTG_HS_IRQHandler
                0x00000000080014fc                EXTI1_IRQHandler
                0x00000000080014fc                USART2_IRQHandler
                0x00000000080014fc                I2C2_ER_IRQHandler
                0x00000000080014fc                DMA2_Stream1_IRQHandler
                0x00000000080014fc                CAN1_SCE_IRQHandler
                0x00000000080014fc                FLASH_IRQHandler
                0x00000000080014fc                DMA2_Stream4_IRQHandler
                0x00000000080014fc                BusFault_Handler
                0x00000000080014fc                USART1_IRQHandler
                0x00000000080014fc                OTG_FS_IRQHandler
                0x00000000080014fc                SPI3_IRQHandler
                0x00000000080014fc                DMA1_Stream4_IRQHandler
                0x00000000080014fc                I2C1_ER_IRQHandler
                0x00000000080014fc                FMC_IRQHandler
                0x00000000080014fc                DMA2_Stream6_IRQHandler
                0x00000000080014fc                SAI1_IRQHandler
                0x00000000080014fc                DMA1_Stream3_IRQHandler
 *fill*         0x00000000080014fe        0x2 
 .text.calloc   0x0000000008001500       0x10 c:/st/stm32cubeide_1.8.0/stm32cubeide/plugins/com.st.stm32cube.ide.mcu.externaltools.gnu-tools-for-stm32.9-2020-q2-update.win32_2.0.0.202105311346/tools/bin/../lib/gcc/arm-none-eabi/9.3.1/../../../../arm-none-eabi/lib/thumb/v7e-m/nofp\libc_nano.a(lib_a-calloc.o)
                0x0000000008001500                calloc
 .text.__errno  0x0000000008001510        0xc c:/st/stm32cubeide_1.8.0/stm32cubeide/plugins/com.st.stm32cube.ide.mcu.externaltools.gnu-tools-for-stm32.9-2020-q2-update.win32_2.0.0.202105311346/tools/bin/../lib/gcc/arm-none-eabi/9.3.1/../../../../arm-none-eabi/lib/thumb/v7e-m/nofp\libc_nano.a(lib_a-errno.o)
                0x0000000008001510                __errno
 .text.__libc_init_array
                0x000000000800151c       0x48 c:/st/stm32cubeide_1.8.0/stm32cubeide/plugins/com.st.stm32cube.ide.mcu.externaltools.gnu-tools-for-stm32.9-2020-q2-update.win32_2.0.0.202105311346/tools/bin/../lib/gcc/arm-none-eabi/9.3.1/../../../../arm-none-eabi/lib/thumb/v7e-m/nofp\libc_nano.a(lib_a-init.o)
                0x000000000800151c                __libc_init_array
 .text.memset   0x0000000008001564       0x10 c:/st/stm32cubeide_1.8.0/stm32cubeide/plugins/com.st.stm32cube.ide.mcu.externaltools.gnu-tools-for-stm32.9-2020-q2-update.win32_2.0.0.202105311346/tools/bin/../lib/gcc/arm-none-eabi/9.3.1/../../../../arm-none-eabi/lib/thumb/v7e-m/nofp\libc_nano.a(lib_a-memset.o)
                0x0000000008001564                memset
 .text._calloc_r
                0x0000000008001574       0x1c c:/st/stm32cubeide_1.8.0/stm32cubeide/plugins/com.st.stm32cube.ide.mcu.externaltools.gnu-tools-for-stm32.9-2020-q2-update.win32_2.0.0.202105311346/tools/bin/../lib/gcc/arm-none-eabi/9.3.1/../../../../arm-none-eabi/lib/thumb/v7e-m/nofp\libc_nano.a(lib_a-nano-callocr.o)
                0x0000000008001574                _calloc_r
 .text._malloc_r
                0x0000000008001590       0xb4 c:/st/stm32cubeide_1.8.0/stm32cubeide/plugins/com.st.stm32cube.ide.mcu.externaltools.gnu-tools-for-stm32.9-2020-q2-update.win32_2.0.0.202105311346/tools/bin/../lib/gcc/arm-none-eabi/9.3.1/../../../../arm-none-eabi/lib/thumb/v7e-m/nofp\libc_nano.a(lib_a-nano-mallocr.o)
                0x0000000008001590                _malloc_r
 .text.printf   0x0000000008001644       0x30 c:/st/stm32cubeide_1.8.0/stm32cubeide/plugins/com.st.stm32cube.ide.mcu.externaltools.gnu-tools-for-stm32.9-2020-q2-update.win32_2.0.0.202105311346/tools/bin/../lib/gcc/arm-none-eabi/9.3.1/../../../../arm-none-eabi/lib/thumb/v7e-m/nofp\libc_nano.a(lib_a-printf.o)
                0x0000000008001644                iprintf
                0x0000000008001644                printf
 .text.putchar  0x0000000008001674       0x28 c:/st/stm32cubeide_1.8.0/stm32cubeide/plugins/com.st.stm32cube.ide.mcu.externaltools.gnu-tools-for-stm32.9-2020-q2-update.win32_2.0.0.202105311346/tools/bin/../lib/gcc/arm-none-eabi/9.3.1/../../../../arm-none-eabi/lib/thumb/v7e-m/nofp\libc_nano.a(lib_a-putchar.o)
                0x0000000008001674                putchar
 .text._puts_r  0x000000000800169c       0xdc c:/st/stm32cubeide_1.8.0/stm32cubeide/plugins/com.st.stm32cube.ide.mcu.externaltools.gnu-tools-for-stm32.9-2020-q2-update.win32_2.0.0.202105311346/tools/bin/../lib/gcc/arm-none-eabi/9.3.1/../../../../arm-none-eabi/lib/thumb/v7e-m/nofp\libc_nano.a(lib_a-puts.o)
                0x000000000800169c                _puts_r
 .text.puts     0x0000000008001778       0x10 c:/st/stm32cubeide_1.8.0/stm32cubeide/plugins/com.st.stm32cube.ide.mcu.externaltools.gnu-tools-for-stm32.9-2020-q2-update.win32_2.0.0.202105311346/tools/bin/../lib/gcc/arm-none-eabi/9.3.1/../../../../arm-none-eabi/lib/thumb/v7e-m/nofp\libc_nano.a(lib_a-puts.o)
                0x0000000008001778                puts
 .text._sbrk_r  0x0000000008001788       0x20 c:/st/stm32cubeide_1.8.0/stm32cubeide/plugins/com.st.stm32cube.ide.mcu.externaltools.gnu-tools-for-stm32.9-2020-q2-update.win32_2.0.0.202105311346/tools/bin/../lib/gcc/arm-none-eabi/9.3.1/../../../../arm-none-eabi/lib/thumb/v7e-m/nofp\libc_nano.a(lib_a-sbrkr.o)
                0x0000000008001788                _sbrk_r
 .text.__swbuf_r
                0x00000000080017a8       0xa4 c:/st/stm32cubeide_1.8.0/stm32cubeide/plugins/com.st.stm32cube.ide.mcu.externaltools.gnu-tools-for-stm32.9-2020-q2-update.win32_2.0.0.202105311346/tools/bin/../lib/gcc/arm-none-eabi/9.3.1/../../../../arm-none-eabi/lib/thumb/v7e-m/nofp\libc_nano.a(lib_a-wbuf.o)
                0x00000000080017a8                __swbuf_r
 .text.__swsetup_r
                0x000000000800184c       0xdc c:/st/stm32cubeide_1.8.0/stm32cubeide/plugins/com.st.stm32cube.ide.mcu.externaltools.gnu-tools-for-stm32.9-2020-q2-update.win32_2.0.0.202105311346/tools/bin/../lib/gcc/arm-none-eabi/9.3.1/../../../../arm-none-eabi/lib/thumb/v7e-m/nofp\libc_nano.a(lib_a-wsetup.o)
                0x000000000800184c                __swsetup_r
 .text.__sflush_r
                0x0000000008001928      0x10c c:/st/stm32cubeide_1.8.0/stm32cubeide/plugins/com.st.stm32cube.ide.mcu.externaltools.gnu-tools-for-stm32.9-2020-q2-update.win32_2.0.0.202105311346/tools/bin/../lib/gcc/arm-none-eabi/9.3.1/../../../../arm-none-eabi/lib/thumb/v7e-m/nofp\libc_nano.a(lib_a-fflush.o)
                0x0000000008001928                __sflush_r
 .text._fflush_r
                0x0000000008001a34       0x78 c:/st/stm32cubeide_1.8.0/stm32cubeide/plugins/com.st.stm32cube.ide.mcu.externaltools.gnu-tools-for-stm32.9-2020-q2-update.win32_2.0.0.202105311346/tools/bin/../lib/gcc/arm-none-eabi/9.3.1/../../../../arm-none-eabi/lib/thumb/v7e-m/nofp\libc_nano.a(lib_a-fflush.o)
                0x0000000008001a34                _fflush_r
 .text.std      0x0000000008001aac       0x48 c:/st/stm32cubeide_1.8.0/stm32cubeide/plugins/com.st.stm32cube.ide.mcu.externaltools.gnu-tools-for-stm32.9-2020-q2-update.win32_2.0.0.202105311346/tools/bin/../lib/gcc/arm-none-eabi/9.3.1/../../../../arm-none-eabi/lib/thumb/v7e-m/nofp\libc_nano.a(lib_a-findfp.o)
 .text._cleanup_r
                0x0000000008001af4        0xc c:/st/stm32cubeide_1.8.0/stm32cubeide/plugins/com.st.stm32cube.ide.mcu.externaltools.gnu-tools-for-stm32.9-2020-q2-update.win32_2.0.0.202105311346/tools/bin/../lib/gcc/arm-none-eabi/9.3.1/../../../../arm-none-eabi/lib/thumb/v7e-m/nofp\libc_nano.a(lib_a-findfp.o)
                0x0000000008001af4                _cleanup_r
 .text.__sfmoreglue
                0x0000000008001b00       0x2c c:/st/stm32cubeide_1.8.0/stm32cubeide/plugins/com.st.stm32cube.ide.mcu.externaltools.gnu-tools-for-stm32.9-2020-q2-update.win32_2.0.0.202105311346/tools/bin/../lib/gcc/arm-none-eabi/9.3.1/../../../../arm-none-eabi/lib/thumb/v7e-m/nofp\libc_nano.a(lib_a-findfp.o)
                0x0000000008001b00                __sfmoreglue
 .text.__sfp_lock_acquire
                0x0000000008001b2c        0xc c:/st/stm32cubeide_1.8.0/stm32cubeide/plugins/com.st.stm32cube.ide.mcu.externaltools.gnu-tools-for-stm32.9-2020-q2-update.win32_2.0.0.202105311346/tools/bin/../lib/gcc/arm-none-eabi/9.3.1/../../../../arm-none-eabi/lib/thumb/v7e-m/nofp\libc_nano.a(lib_a-findfp.o)
                0x0000000008001b2c                __sfp_lock_acquire
 .text.__sfp_lock_release
                0x0000000008001b38        0xc c:/st/stm32cubeide_1.8.0/stm32cubeide/plugins/com.st.stm32cube.ide.mcu.externaltools.gnu-tools-for-stm32.9-2020-q2-update.win32_2.0.0.202105311346/tools/bin/../lib/gcc/arm-none-eabi/9.3.1/../../../../arm-none-eabi/lib/thumb/v7e-m/nofp\libc_nano.a(lib_a-findfp.o)
                0x0000000008001b38                __sfp_lock_release
 .text.__sinit_lock_acquire
                0x0000000008001b44        0xc c:/st/stm32cubeide_1.8.0/stm32cubeide/plugins/com.st.stm32cube.ide.mcu.externaltools.gnu-tools-for-stm32.9-2020-q2-update.win32_2.0.0.202105311346/tools/bin/../lib/gcc/arm-none-eabi/9.3.1/../../../../arm-none-eabi/lib/thumb/v7e-m/nofp\libc_nano.a(lib_a-findfp.o)
                0x0000000008001b44                __sinit_lock_acquire
 .text.__sinit_lock_release
                0x0000000008001b50        0xc c:/st/stm32cubeide_1.8.0/stm32cubeide/plugins/com.st.stm32cube.ide.mcu.externaltools.gnu-tools-for-stm32.9-2020-q2-update.win32_2.0.0.202105311346/tools/bin/../lib/gcc/arm-none-eabi/9.3.1/../../../../arm-none-eabi/lib/thumb/v7e-m/nofp\libc_nano.a(lib_a-findfp.o)
                0x0000000008001b50                __sinit_lock_release
 .text.__sinit  0x0000000008001b5c       0x70 c:/st/stm32cubeide_1.8.0/stm32cubeide/plugins/com.st.stm32cube.ide.mcu.externaltools.gnu-tools-for-stm32.9-2020-q2-update.win32_2.0.0.202105311346/tools/bin/../lib/gcc/arm-none-eabi/9.3.1/../../../../arm-none-eabi/lib/thumb/v7e-m/nofp\libc_nano.a(lib_a-findfp.o)
                0x0000000008001b5c                __sinit
 .text.__sfp    0x0000000008001bcc       0x8c c:/st/stm32cubeide_1.8.0/stm32cubeide/plugins/com.st.stm32cube.ide.mcu.externaltools.gnu-tools-for-stm32.9-2020-q2-update.win32_2.0.0.202105311346/tools/bin/../lib/gcc/arm-none-eabi/9.3.1/../../../../arm-none-eabi/lib/thumb/v7e-m/nofp\libc_nano.a(lib_a-findfp.o)
                0x0000000008001bcc                __sfp
 .text._fwalk_reent
                0x0000000008001c58       0x3e c:/st/stm32cubeide_1.8.0/stm32cubeide/plugins/com.st.stm32cube.ide.mcu.externaltools.gnu-tools-for-stm32.9-2020-q2-update.win32_2.0.0.202105311346/tools/bin/../lib/gcc/arm-none-eabi/9.3.1/../../../../arm-none-eabi/lib/thumb/v7e-m/nofp\libc_nano.a(lib_a-fwalk.o)
                0x0000000008001c58                _fwalk_reent
 .text.__retarget_lock_init_recursive
                0x0000000008001c96        0x2 c:/st/stm32cubeide_1.8.0/stm32cubeide/plugins/com.st.stm32cube.ide.mcu.externaltools.gnu-tools-for-stm32.9-2020-q2-update.win32_2.0.0.202105311346/tools/bin/../lib/gcc/arm-none-eabi/9.3.1/../../../../arm-none-eabi/lib/thumb/v7e-m/nofp\libc_nano.a(lib_a-lock.o)
                0x0000000008001c96                __retarget_lock_init_recursive
 .text.__retarget_lock_acquire_recursive
                0x0000000008001c98        0x2 c:/st/stm32cubeide_1.8.0/stm32cubeide/plugins/com.st.stm32cube.ide.mcu.externaltools.gnu-tools-for-stm32.9-2020-q2-update.win32_2.0.0.202105311346/tools/bin/../lib/gcc/arm-none-eabi/9.3.1/../../../../arm-none-eabi/lib/thumb/v7e-m/nofp\libc_nano.a(lib_a-lock.o)
                0x0000000008001c98                __retarget_lock_acquire_recursive
 .text.__retarget_lock_release_recursive
                0x0000000008001c9a        0x2 c:/st/stm32cubeide_1.8.0/stm32cubeide/plugins/com.st.stm32cube.ide.mcu.externaltools.gnu-tools-for-stm32.9-2020-q2-update.win32_2.0.0.202105311346/tools/bin/../lib/gcc/arm-none-eabi/9.3.1/../../../../arm-none-eabi/lib/thumb/v7e-m/nofp\libc_nano.a(lib_a-lock.o)
                0x0000000008001c9a                __retarget_lock_release_recursive
 .text.__swhatbuf_r
                0x0000000008001c9c       0x48 c:/st/stm32cubeide_1.8.0/stm32cubeide/plugins/com.st.stm32cube.ide.mcu.externaltools.gnu-tools-for-stm32.9-2020-q2-update.win32_2.0.0.202105311346/tools/bin/../lib/gcc/arm-none-eabi/9.3.1/../../../../arm-none-eabi/lib/thumb/v7e-m/nofp\libc_nano.a(lib_a-makebuf.o)
                0x0000000008001c9c                __swhatbuf_r
 .text.__smakebuf_r
                0x0000000008001ce4       0x80 c:/st/stm32cubeide_1.8.0/stm32cubeide/plugins/com.st.stm32cube.ide.mcu.externaltools.gnu-tools-for-stm32.9-2020-q2-update.win32_2.0.0.202105311346/tools/bin/../lib/gcc/arm-none-eabi/9.3.1/../../../../arm-none-eabi/lib/thumb/v7e-m/nofp\libc_nano.a(lib_a-makebuf.o)
                0x0000000008001ce4                __smakebuf_r
 .text.__malloc_lock
                0x0000000008001d64        0xc c:/st/stm32cubeide_1.8.0/stm32cubeide/plugins/com.st.stm32cube.ide.mcu.externaltools.gnu-tools-for-stm32.9-2020-q2-update.win32_2.0.0.202105311346/tools/bin/../lib/gcc/arm-none-eabi/9.3.1/../../../../arm-none-eabi/lib/thumb/v7e-m/nofp\libc_nano.a(lib_a-mlock.o)
                0x0000000008001d64                __malloc_lock
 .text.__malloc_unlock
                0x0000000008001d70        0xc c:/st/stm32cubeide_1.8.0/stm32cubeide/plugins/com.st.stm32cube.ide.mcu.externaltools.gnu-tools-for-stm32.9-2020-q2-update.win32_2.0.0.202105311346/tools/bin/../lib/gcc/arm-none-eabi/9.3.1/../../../../arm-none-eabi/lib/thumb/v7e-m/nofp\libc_nano.a(lib_a-mlock.o)
                0x0000000008001d70                __malloc_unlock
 .text._free_r  0x0000000008001d7c       0x9c c:/st/stm32cubeide_1.8.0/stm32cubeide/plugins/com.st.stm32cube.ide.mcu.externaltools.gnu-tools-for-stm32.9-2020-q2-update.win32_2.0.0.202105311346/tools/bin/../lib/gcc/arm-none-eabi/9.3.1/../../../../arm-none-eabi/lib/thumb/v7e-m/nofp\libc_nano.a(lib_a-nano-freer.o)
                0x0000000008001d7c                _free_r
 .text.__sfputc_r
                0x0000000008001e18       0x2a c:/st/stm32cubeide_1.8.0/stm32cubeide/plugins/com.st.stm32cube.ide.mcu.externaltools.gnu-tools-for-stm32.9-2020-q2-update.win32_2.0.0.202105311346/tools/bin/../lib/gcc/arm-none-eabi/9.3.1/../../../../arm-none-eabi/lib/thumb/v7e-m/nofp\libc_nano.a(lib_a-nano-vfprintf.o)
 .text.__sfputs_r
                0x0000000008001e42       0x24 c:/st/stm32cubeide_1.8.0/stm32cubeide/plugins/com.st.stm32cube.ide.mcu.externaltools.gnu-tools-for-stm32.9-2020-q2-update.win32_2.0.0.202105311346/tools/bin/../lib/gcc/arm-none-eabi/9.3.1/../../../../arm-none-eabi/lib/thumb/v7e-m/nofp\libc_nano.a(lib_a-nano-vfprintf.o)
                0x0000000008001e42                __sfputs_r
 *fill*         0x0000000008001e66        0x2 
 .text._vfprintf_r
                0x0000000008001e68      0x260 c:/st/stm32cubeide_1.8.0/stm32cubeide/plugins/com.st.stm32cube.ide.mcu.externaltools.gnu-tools-for-stm32.9-2020-q2-update.win32_2.0.0.202105311346/tools/bin/../lib/gcc/arm-none-eabi/9.3.1/../../../../arm-none-eabi/lib/thumb/v7e-m/nofp\libc_nano.a(lib_a-nano-vfprintf.o)
                0x0000000008001e68                _vfprintf_r
                0x0000000008001e68                _vfiprintf_r
 .text._printf_common
                0x00000000080020c8       0xda c:/st/stm32cubeide_1.8.0/stm32cubeide/plugins/com.st.stm32cube.ide.mcu.externaltools.gnu-tools-for-stm32.9-2020-q2-update.win32_2.0.0.202105311346/tools/bin/../lib/gcc/arm-none-eabi/9.3.1/../../../../arm-none-eabi/lib/thumb/v7e-m/nofp\libc_nano.a(lib_a-nano-vfprintf_i.o)
                0x00000000080020c8                _printf_common
 *fill*         0x00000000080021a2        0x2 
 .text._printf_i
                0x00000000080021a4      0x24c c:/st/stm32cubeide_1.8.0/stm32cubeide/plugins/com.st.stm32cube.ide.mcu.externaltools.gnu-tools-for-stm32.9-2020-q2-update.win32_2.0.0.202105311346/tools/bin/../lib/gcc/arm-none-eabi/9.3.1/../../../../arm-none-eabi/lib/thumb/v7e-m/nofp\libc_nano.a(lib_a-nano-vfprintf_i.o)
                0x00000000080021a4                _printf_i
 .text._putc_r  0x00000000080023f0       0x90 c:/st/stm32cubeide_1.8.0/stm32cubeide/plugins/com.st.stm32cube.ide.mcu.externaltools.gnu-tools-for-stm32.9-2020-q2-update.win32_2.0.0.202105311346/tools/bin/../lib/gcc/arm-none-eabi/9.3.1/../../../../arm-none-eabi/lib/thumb/v7e-m/nofp\libc_nano.a(lib_a-putc.o)
                0x00000000080023f0                _putc_r
 .text.__sread  0x0000000008002480       0x22 c:/st/stm32cubeide_1.8.0/stm32cubeide/plugins/com.st.stm32cube.ide.mcu.externaltools.gnu-tools-for-stm32.9-2020-q2-update.win32_2.0.0.202105311346/tools/bin/../lib/gcc/arm-none-eabi/9.3.1/../../../../arm-none-eabi/lib/thumb/v7e-m/nofp\libc_nano.a(lib_a-stdio.o)
                0x0000000008002480                __sread
 .text.__swrite
                0x00000000080024a2       0x38 c:/st/stm32cubeide_1.8.0/stm32cubeide/plugins/com.st.stm32cube.ide.mcu.externaltools.gnu-tools-for-stm32.9-2020-q2-update.win32_2.0.0.202105311346/tools/bin/../lib/gcc/arm-none-eabi/9.3.1/../../../../arm-none-eabi/lib/thumb/v7e-m/nofp\libc_nano.a(lib_a-stdio.o)
                0x00000000080024a2                __swrite
 .text.__sseek  0x00000000080024da       0x24 c:/st/stm32cubeide_1.8.0/stm32cubeide/plugins/com.st.stm32cube.ide.mcu.externaltools.gnu-tools-for-stm32.9-2020-q2-update.win32_2.0.0.202105311346/tools/bin/../lib/gcc/arm-none-eabi/9.3.1/../../../../arm-none-eabi/lib/thumb/v7e-m/nofp\libc_nano.a(lib_a-stdio.o)
                0x00000000080024da                __sseek
 .text.__sclose
                0x00000000080024fe        0x8 c:/st/stm32cubeide_1.8.0/stm32cubeide/plugins/com.st.stm32cube.ide.mcu.externaltools.gnu-tools-for-stm32.9-2020-q2-update.win32_2.0.0.202105311346/tools/bin/../lib/gcc/arm-none-eabi/9.3.1/../../../../arm-none-eabi/lib/thumb/v7e-m/nofp\libc_nano.a(lib_a-stdio.o)
                0x00000000080024fe                __sclose
 *fill*         0x0000000008002506        0x2 
 .text._write_r
                0x0000000008002508       0x24 c:/st/stm32cubeide_1.8.0/stm32cubeide/plugins/com.st.stm32cube.ide.mcu.externaltools.gnu-tools-for-stm32.9-2020-q2-update.win32_2.0.0.202105311346/tools/bin/../lib/gcc/arm-none-eabi/9.3.1/../../../../arm-none-eabi/lib/thumb/v7e-m/nofp\libc_nano.a(lib_a-writer.o)
                0x0000000008002508                _write_r
 .text._close_r
                0x000000000800252c       0x20 c:/st/stm32cubeide_1.8.0/stm32cubeide/plugins/com.st.stm32cube.ide.mcu.externaltools.gnu-tools-for-stm32.9-2020-q2-update.win32_2.0.0.202105311346/tools/bin/../lib/gcc/arm-none-eabi/9.3.1/../../../../arm-none-eabi/lib/thumb/v7e-m/nofp\libc_nano.a(lib_a-closer.o)
                0x000000000800252c                _close_r
 .text._fstat_r
                0x000000000800254c       0x24 c:/st/stm32cubeide_1.8.0/stm32cubeide/plugins/com.st.stm32cube.ide.mcu.externaltools.gnu-tools-for-stm32.9-2020-q2-update.win32_2.0.0.202105311346/tools/bin/../lib/gcc/arm-none-eabi/9.3.1/../../../../arm-none-eabi/lib/thumb/v7e-m/nofp\libc_nano.a(lib_a-fstatr.o)
                0x000000000800254c                _fstat_r
 .text._isatty_r
                0x0000000008002570       0x20 c:/st/stm32cubeide_1.8.0/stm32cubeide/plugins/com.st.stm32cube.ide.mcu.externaltools.gnu-tools-for-stm32.9-2020-q2-update.win32_2.0.0.202105311346/tools/bin/../lib/gcc/arm-none-eabi/9.3.1/../../../../arm-none-eabi/lib/thumb/v7e-m/nofp\libc_nano.a(lib_a-isattyr.o)
                0x0000000008002570                _isatty_r
 .text._lseek_r
                0x0000000008002590       0x24 c:/st/stm32cubeide_1.8.0/stm32cubeide/plugins/com.st.stm32cube.ide.mcu.externaltools.gnu-tools-for-stm32.9-2020-q2-update.win32_2.0.0.202105311346/tools/bin/../lib/gcc/arm-none-eabi/9.3.1/../../../../arm-none-eabi/lib/thumb/v7e-m/nofp\libc_nano.a(lib_a-lseekr.o)
                0x0000000008002590                _lseek_r
 .text._read_r  0x00000000080025b4       0x24 c:/st/stm32cubeide_1.8.0/stm32cubeide/plugins/com.st.stm32cube.ide.mcu.externaltools.gnu-tools-for-stm32.9-2020-q2-update.win32_2.0.0.202105311346/tools/bin/../lib/gcc/arm-none-eabi/9.3.1/../../../../arm-none-eabi/lib/thumb/v7e-m/nofp\libc_nano.a(lib_a-readr.o)
                0x00000000080025b4                _read_r
 *(.glue_7)
 .glue_7        0x00000000080025d8        0x0 linker stubs
 *(.glue_7t)
 .glue_7t       0x00000000080025d8        0x0 linker stubs
 *(.eh_frame)
 .eh_frame      0x00000000080025d8        0x0 c:/st/stm32cubeide_1.8.0/stm32cubeide/plugins/com.st.stm32cube.ide.mcu.externaltools.gnu-tools-for-stm32.9-2020-q2-update.win32_2.0.0.202105311346/tools/bin/../lib/gcc/arm-none-eabi/9.3.1/thumb/v7e-m/nofp/crtbegin.o
 *(.init)
 .init          0x00000000080025d8        0x4 c:/st/stm32cubeide_1.8.0/stm32cubeide/plugins/com.st.stm32cube.ide.mcu.externaltools.gnu-tools-for-stm32.9-2020-q2-update.win32_2.0.0.202105311346/tools/bin/../lib/gcc/arm-none-eabi/9.3.1/thumb/v7e-m/nofp/crti.o
                0x00000000080025d8                _init
 .init          0x00000000080025dc        0x8 c:/st/stm32cubeide_1.8.0/stm32cubeide/plugins/com.st.stm32cube.ide.mcu.externaltools.gnu-tools-for-stm32.9-2020-q2-update.win32_2.0.0.202105311346/tools/bin/../lib/gcc/arm-none-eabi/9.3.1/thumb/v7e-m/nofp/crtn.o
 *(.fini)
 .fini          0x00000000080025e4        0x4 c:/st/stm32cubeide_1.8.0/stm32cubeide/plugins/com.st.stm32cube.ide.mcu.externaltools.gnu-tools-for-stm32.9-2020-q2-update.win32_2.0.0.202105311346/tools/bin/../lib/gcc/arm-none-eabi/9.3.1/thumb/v7e-m/nofp/crti.o
                0x00000000080025e4                _fini
 .fini          0x00000000080025e8        0x8 c:/st/stm32cubeide_1.8.0/stm32cubeide/plugins/com.st.stm32cube.ide.mcu.externaltools.gnu-tools-for-stm32.9-2020-q2-update.win32_2.0.0.202105311346/tools/bin/../lib/gcc/arm-none-eabi/9.3.1/thumb/v7e-m/nofp/crtn.o
                0x00000000080025f0                . = ALIGN (0x4)
                0x00000000080025f0                _etext = .

.vfp11_veneer   0x00000000080025f0        0x0
 .vfp11_veneer  0x00000000080025f0        0x0 linker stubs

.v4_bx          0x00000000080025f0        0x0
 .v4_bx         0x00000000080025f0        0x0 linker stubs

.iplt           0x00000000080025f0        0x0
 .iplt          0x00000000080025f0        0x0 c:/st/stm32cubeide_1.8.0/stm32cubeide/plugins/com.st.stm32cube.ide.mcu.externaltools.gnu-tools-for-stm32.9-2020-q2-update.win32_2.0.0.202105311346/tools/bin/../lib/gcc/arm-none-eabi/9.3.1/thumb/v7e-m/nofp/crtbegin.o

.rodata         0x00000000080025f0      0x560
                0x00000000080025f0                . = ALIGN (0x4)
 *(.rodata)
 .rodata        0x00000000080025f0       0x34 ./Crypto_Engine/Src/MonoAlphabetic_Cipher.o
 .rodata        0x0000000008002624       0x5b ./Crypto_Engine/Src/Multiplicative_Cipher.o
 *fill*         0x000000000800267f        0x1 
 .rodata        0x0000000008002680       0xbe ./Crypto_Engine/Src/PolyAlphabetic_Cipher.o
 *fill*         0x000000000800273e        0x2 
 .rodata        0x0000000008002740       0x3c ./Crypto_Engine/Src/ceasars_cipher.o
 .rodata        0x000000000800277c      0x23a ./Src/main.o
 *(.rodata*)
 .rodata._ctype_
                0x00000000080029b6      0x101 c:/st/stm32cubeide_1.8.0/stm32cubeide/plugins/com.st.stm32cube.ide.mcu.externaltools.gnu-tools-for-stm32.9-2020-q2-update.win32_2.0.0.202105311346/tools/bin/../lib/gcc/arm-none-eabi/9.3.1/../../../../arm-none-eabi/lib/thumb/v7e-m/nofp\libc_nano.a(lib_a-ctype_.o)
                0x00000000080029b6                _ctype_
 *fill*         0x0000000008002ab7        0x1 
 .rodata._global_impure_ptr
                0x0000000008002ab8        0x4 c:/st/stm32cubeide_1.8.0/stm32cubeide/plugins/com.st.stm32cube.ide.mcu.externaltools.gnu-tools-for-stm32.9-2020-q2-update.win32_2.0.0.202105311346/tools/bin/../lib/gcc/arm-none-eabi/9.3.1/../../../../arm-none-eabi/lib/thumb/v7e-m/nofp\libc_nano.a(lib_a-impure.o)
                0x0000000008002ab8                _global_impure_ptr
 .rodata.__sf_fake_stderr
                0x0000000008002abc       0x20 c:/st/stm32cubeide_1.8.0/stm32cubeide/plugins/com.st.stm32cube.ide.mcu.externaltools.gnu-tools-for-stm32.9-2020-q2-update.win32_2.0.0.202105311346/tools/bin/../lib/gcc/arm-none-eabi/9.3.1/../../../../arm-none-eabi/lib/thumb/v7e-m/nofp\libc_nano.a(lib_a-findfp.o)
                0x0000000008002abc                __sf_fake_stderr
 .rodata.__sf_fake_stdin
                0x0000000008002adc       0x20 c:/st/stm32cubeide_1.8.0/stm32cubeide/plugins/com.st.stm32cube.ide.mcu.externaltools.gnu-tools-for-stm32.9-2020-q2-update.win32_2.0.0.202105311346/tools/bin/../lib/gcc/arm-none-eabi/9.3.1/../../../../arm-none-eabi/lib/thumb/v7e-m/nofp\libc_nano.a(lib_a-findfp.o)
                0x0000000008002adc                __sf_fake_stdin
 .rodata.__sf_fake_stdout
                0x0000000008002afc       0x20 c:/st/stm32cubeide_1.8.0/stm32cubeide/plugins/com.st.stm32cube.ide.mcu.externaltools.gnu-tools-for-stm32.9-2020-q2-update.win32_2.0.0.202105311346/tools/bin/../lib/gcc/arm-none-eabi/9.3.1/../../../../arm-none-eabi/lib/thumb/v7e-m/nofp\libc_nano.a(lib_a-findfp.o)
                0x0000000008002afc                __sf_fake_stdout
 .rodata._vfprintf_r.str1.1
                0x0000000008002b1c       0x11 c:/st/stm32cubeide_1.8.0/stm32cubeide/plugins/com.st.stm32cube.ide.mcu.externaltools.gnu-tools-for-stm32.9-2020-q2-update.win32_2.0.0.202105311346/tools/bin/../lib/gcc/arm-none-eabi/9.3.1/../../../../arm-none-eabi/lib/thumb/v7e-m/nofp\libc_nano.a(lib_a-nano-vfprintf.o)
 .rodata._printf_i.str1.1
                0x0000000008002b2d       0x22 c:/st/stm32cubeide_1.8.0/stm32cubeide/plugins/com.st.stm32cube.ide.mcu.externaltools.gnu-tools-for-stm32.9-2020-q2-update.win32_2.0.0.202105311346/tools/bin/../lib/gcc/arm-none-eabi/9.3.1/../../../../arm-none-eabi/lib/thumb/v7e-m/nofp\libc_nano.a(lib_a-nano-vfprintf_i.o)
                0x0000000008002b50                . = ALIGN (0x4)
 *fill*         0x0000000008002b4f        0x1 

.rel.dyn        0x0000000008002b50        0x0
 .rel.iplt      0x0000000008002b50        0x0 c:/st/stm32cubeide_1.8.0/stm32cubeide/plugins/com.st.stm32cube.ide.mcu.externaltools.gnu-tools-for-stm32.9-2020-q2-update.win32_2.0.0.202105311346/tools/bin/../lib/gcc/arm-none-eabi/9.3.1/thumb/v7e-m/nofp/crtbegin.o

.ARM.extab      0x0000000008002b50        0x0
                0x0000000008002b50                . = ALIGN (0x4)
 *(.ARM.extab* .gnu.linkonce.armextab.*)
                0x0000000008002b50                . = ALIGN (0x4)

.ARM            0x0000000008002b50        0x0
                0x0000000008002b50                . = ALIGN (0x4)
                0x0000000008002b50                __exidx_start = .
 *(.ARM.exidx*)
                0x0000000008002b50                __exidx_end = .
                0x0000000008002b50                . = ALIGN (0x4)

.preinit_array  0x0000000008002b50        0x0
                0x0000000008002b50                . = ALIGN (0x4)
                0x0000000008002b50                PROVIDE (__preinit_array_start = .)
 *(.preinit_array*)
                0x0000000008002b50                PROVIDE (__preinit_array_end = .)
                0x0000000008002b50                . = ALIGN (0x4)

.init_array     0x0000000008002b50        0x4
                0x0000000008002b50                . = ALIGN (0x4)
                0x0000000008002b50                PROVIDE (__init_array_start = .)
 *(SORT_BY_NAME(.init_array.*))
 *(.init_array*)
 .init_array    0x0000000008002b50        0x4 c:/st/stm32cubeide_1.8.0/stm32cubeide/plugins/com.st.stm32cube.ide.mcu.externaltools.gnu-tools-for-stm32.9-2020-q2-update.win32_2.0.0.202105311346/tools/bin/../lib/gcc/arm-none-eabi/9.3.1/thumb/v7e-m/nofp/crtbegin.o
                0x0000000008002b54                PROVIDE (__init_array_end = .)
                0x0000000008002b54                . = ALIGN (0x4)

.fini_array     0x0000000008002b54        0x4
                0x0000000008002b54                . = ALIGN (0x4)
                [!provide]                        PROVIDE (__fini_array_start = .)
 *(SORT_BY_NAME(.fini_array.*))
 *(.fini_array*)
 .fini_array    0x0000000008002b54        0x4 c:/st/stm32cubeide_1.8.0/stm32cubeide/plugins/com.st.stm32cube.ide.mcu.externaltools.gnu-tools-for-stm32.9-2020-q2-update.win32_2.0.0.202105311346/tools/bin/../lib/gcc/arm-none-eabi/9.3.1/thumb/v7e-m/nofp/crtbegin.o
                [!provide]                        PROVIDE (__fini_array_end = .)
                0x0000000008002b58                . = ALIGN (0x4)
                0x0000000008002b58                _sidata = LOADADDR (.data)

.data           0x0000000020000000       0x6c load address 0x0000000008002b58
                0x0000000020000000                . = ALIGN (0x4)
                0x0000000020000000                _sdata = .
 *(.data)
 *(.data*)
 .data.sensor_val
                0x0000000020000000        0x2 ./Src/main.o
 .data.Key      0x0000000020000002        0x2 ./Src/main.o
                0x0000000020000002                Key
 .data.key_multiplicative
                0x0000000020000004        0x4 ./Src/main.o
                0x0000000020000004                key_multiplicative
 .data._impure_ptr
                0x0000000020000008        0x4 c:/st/stm32cubeide_1.8.0/stm32cubeide/plugins/com.st.stm32cube.ide.mcu.externaltools.gnu-tools-for-stm32.9-2020-q2-update.win32_2.0.0.202105311346/tools/bin/../lib/gcc/arm-none-eabi/9.3.1/../../../../arm-none-eabi/lib/thumb/v7e-m/nofp\libc_nano.a(lib_a-impure.o)
                0x0000000020000008                _impure_ptr
 .data.impure_data
                0x000000002000000c       0x60 c:/st/stm32cubeide_1.8.0/stm32cubeide/plugins/com.st.stm32cube.ide.mcu.externaltools.gnu-tools-for-stm32.9-2020-q2-update.win32_2.0.0.202105311346/tools/bin/../lib/gcc/arm-none-eabi/9.3.1/../../../../arm-none-eabi/lib/thumb/v7e-m/nofp\libc_nano.a(lib_a-impure.o)
 *(.RamFunc)
 *(.RamFunc*)
                0x000000002000006c                . = ALIGN (0x4)
                0x000000002000006c                _edata = .

.igot.plt       0x000000002000006c        0x0 load address 0x0000000008002bc4
 .igot.plt      0x000000002000006c        0x0 c:/st/stm32cubeide_1.8.0/stm32cubeide/plugins/com.st.stm32cube.ide.mcu.externaltools.gnu-tools-for-stm32.9-2020-q2-update.win32_2.0.0.202105311346/tools/bin/../lib/gcc/arm-none-eabi/9.3.1/thumb/v7e-m/nofp/crtbegin.o
                0x000000002000006c                . = ALIGN (0x4)

.bss            0x000000002000006c       0x44 load address 0x0000000008002bc4
                0x000000002000006c                _sbss = .
                0x000000002000006c                __bss_start__ = _sbss
 *(.bss)
 .bss           0x000000002000006c       0x1c c:/st/stm32cubeide_1.8.0/stm32cubeide/plugins/com.st.stm32cube.ide.mcu.externaltools.gnu-tools-for-stm32.9-2020-q2-update.win32_2.0.0.202105311346/tools/bin/../lib/gcc/arm-none-eabi/9.3.1/thumb/v7e-m/nofp/crtbegin.o
 *(.bss*)
 .bss.encrypted_sensor
                0x0000000020000088        0x2 ./Src/main.o
 .bss.decrypted_sensor
                0x000000002000008a        0x2 ./Src/main.o
 .bss.__sbrk_heap_end
                0x000000002000008c        0x4 ./Src/sysmem.o
 .bss.__malloc_free_list
                0x0000000020000090        0x4 c:/st/stm32cubeide_1.8.0/stm32cubeide/plugins/com.st.stm32cube.ide.mcu.externaltools.gnu-tools-for-stm32.9-2020-q2-update.win32_2.0.0.202105311346/tools/bin/../lib/gcc/arm-none-eabi/9.3.1/../../../../arm-none-eabi/lib/thumb/v7e-m/nofp\libc_nano.a(lib_a-nano-mallocr.o)
                0x0000000020000090                __malloc_free_list
 .bss.__malloc_sbrk_start
                0x0000000020000094        0x4 c:/st/stm32cubeide_1.8.0/stm32cubeide/plugins/com.st.stm32cube.ide.mcu.externaltools.gnu-tools-for-stm32.9-2020-q2-update.win32_2.0.0.202105311346/tools/bin/../lib/gcc/arm-none-eabi/9.3.1/../../../../arm-none-eabi/lib/thumb/v7e-m/nofp\libc_nano.a(lib_a-nano-mallocr.o)
                0x0000000020000094                __malloc_sbrk_start
 *(COMMON)
 COMMON         0x0000000020000098        0x8 ./Src/timebase.o
                0x0000000020000098                current_tick
                0x000000002000009c                current_tick_p
 COMMON         0x00000000200000a0        0x9 c:/st/stm32cubeide_1.8.0/stm32cubeide/plugins/com.st.stm32cube.ide.mcu.externaltools.gnu-tools-for-stm32.9-2020-q2-update.win32_2.0.0.202105311346/tools/bin/../lib/gcc/arm-none-eabi/9.3.1/../../../../arm-none-eabi/lib/thumb/v7e-m/nofp\libc_nano.a(lib_a-lock.o)
                0x00000000200000a0                __lock___atexit_recursive_mutex
                0x00000000200000a1                __lock___arc4random_mutex
                0x00000000200000a2                __lock___env_recursive_mutex
                0x00000000200000a3                __lock___sinit_recursive_mutex
                0x00000000200000a4                __lock___malloc_recursive_mutex
                0x00000000200000a5                __lock___at_quick_exit_mutex
                0x00000000200000a6                __lock___dd_hash_mutex
                0x00000000200000a7                __lock___tz_mutex
                0x00000000200000a8                __lock___sfp_recursive_mutex
 *fill*         0x00000000200000a9        0x3 
 COMMON         0x00000000200000ac        0x4 c:/st/stm32cubeide_1.8.0/stm32cubeide/plugins/com.st.stm32cube.ide.mcu.externaltools.gnu-tools-for-stm32.9-2020-q2-update.win32_2.0.0.202105311346/tools/bin/../lib/gcc/arm-none-eabi/9.3.1/../../../../arm-none-eabi/lib/thumb/v7e-m/nofp\libc_nano.a(lib_a-reent.o)
                0x00000000200000ac                errno
                0x00000000200000b0                . = ALIGN (0x4)
                0x00000000200000b0                _ebss = .
                0x00000000200000b0                __bss_end__ = _ebss

._user_heap_stack
                0x00000000200000b0      0x600 load address 0x0000000008002bc4
                0x00000000200000b0                . = ALIGN (0x8)
                [!provide]                        PROVIDE (end = .)
                0x00000000200000b0                PROVIDE (_end = .)
                0x00000000200002b0                . = (. + _Min_Heap_Size)
 *fill*         0x00000000200000b0      0x200 
                0x00000000200006b0                . = (. + _Min_Stack_Size)
 *fill*         0x00000000200002b0      0x400 
                0x00000000200006b0                . = ALIGN (0x8)

/DISCARD/
 libc.a(*)
 libm.a(*)
 libgcc.a(*)

.ARM.attributes
                0x0000000000000000       0x2a
 *(.ARM.attributes)
 .ARM.attributes
                0x0000000000000000       0x1e c:/st/stm32cubeide_1.8.0/stm32cubeide/plugins/com.st.stm32cube.ide.mcu.externaltools.gnu-tools-for-stm32.9-2020-q2-update.win32_2.0.0.202105311346/tools/bin/../lib/gcc/arm-none-eabi/9.3.1/thumb/v7e-m/nofp/crti.o
 .ARM.attributes
                0x000000000000001e       0x2e c:/st/stm32cubeide_1.8.0/stm32cubeide/plugins/com.st.stm32cube.ide.mcu.externaltools.gnu-tools-for-stm32.9-2020-q2-update.win32_2.0.0.202105311346/tools/bin/../lib/gcc/arm-none-eabi/9.3.1/thumb/v7e-m/nofp/crtbegin.o
 .ARM.attributes
                0x000000000000004c       0x2e ./Crypto_Engine/Src/MonoAlphabetic_Cipher.o
 .ARM.attributes
                0x000000000000007a       0x2e ./Crypto_Engine/Src/Multiplicative_Cipher.o
 .ARM.attributes
                0x00000000000000a8       0x2e ./Crypto_Engine/Src/PolyAlphabetic_Cipher.o
 .ARM.attributes
                0x00000000000000d6       0x2e ./Crypto_Engine/Src/ceasars_cipher.o
 .ARM.attributes
                0x0000000000000104       0x2e ./Src/adc.o
 .ARM.attributes
                0x0000000000000132       0x2e ./Src/bsp.o
 .ARM.attributes
                0x0000000000000160       0x2e ./Src/fpu.o
 .ARM.attributes
                0x000000000000018e       0x2e ./Src/main.o
 .ARM.attributes
                0x00000000000001bc       0x2e ./Src/syscalls.o
 .ARM.attributes
                0x00000000000001ea       0x2e ./Src/sysmem.o
 .ARM.attributes
                0x0000000000000218       0x2e ./Src/timebase.o
 .ARM.attributes
                0x0000000000000246       0x2e ./Src/uart.o
 .ARM.attributes
                0x0000000000000274       0x21 ./Startup/startup_stm32f446retx.o
 .ARM.attributes
                0x0000000000000295       0x2e c:/st/stm32cubeide_1.8.0/stm32cubeide/plugins/com.st.stm32cube.ide.mcu.externaltools.gnu-tools-for-stm32.9-2020-q2-update.win32_2.0.0.202105311346/tools/bin/../lib/gcc/arm-none-eabi/9.3.1/../../../../arm-none-eabi/lib/thumb/v7e-m/nofp\libc_nano.a(lib_a-calloc.o)
 .ARM.attributes
                0x00000000000002c3       0x2e c:/st/stm32cubeide_1.8.0/stm32cubeide/plugins/com.st.stm32cube.ide.mcu.externaltools.gnu-tools-for-stm32.9-2020-q2-update.win32_2.0.0.202105311346/tools/bin/../lib/gcc/arm-none-eabi/9.3.1/../../../../arm-none-eabi/lib/thumb/v7e-m/nofp\libc_nano.a(lib_a-ctype_.o)
 .ARM.attributes
                0x00000000000002f1       0x2e c:/st/stm32cubeide_1.8.0/stm32cubeide/plugins/com.st.stm32cube.ide.mcu.externaltools.gnu-tools-for-stm32.9-2020-q2-update.win32_2.0.0.202105311346/tools/bin/../lib/gcc/arm-none-eabi/9.3.1/../../../../arm-none-eabi/lib/thumb/v7e-m/nofp\libc_nano.a(lib_a-errno.o)
 .ARM.attributes
                0x000000000000031f       0x2e c:/st/stm32cubeide_1.8.0/stm32cubeide/plugins/com.st.stm32cube.ide.mcu.externaltools.gnu-tools-for-stm32.9-2020-q2-update.win32_2.0.0.202105311346/tools/bin/../lib/gcc/arm-none-eabi/9.3.1/../../../../arm-none-eabi/lib/thumb/v7e-m/nofp\libc_nano.a(lib_a-impure.o)
 .ARM.attributes
                0x000000000000034d       0x2e c:/st/stm32cubeide_1.8.0/stm32cubeide/plugins/com.st.stm32cube.ide.mcu.externaltools.gnu-tools-for-stm32.9-2020-q2-update.win32_2.0.0.202105311346/tools/bin/../lib/gcc/arm-none-eabi/9.3.1/../../../../arm-none-eabi/lib/thumb/v7e-m/nofp\libc_nano.a(lib_a-init.o)
 .ARM.attributes
                0x000000000000037b       0x2e c:/st/stm32cubeide_1.8.0/stm32cubeide/plugins/com.st.stm32cube.ide.mcu.externaltools.gnu-tools-for-stm32.9-2020-q2-update.win32_2.0.0.202105311346/tools/bin/../lib/gcc/arm-none-eabi/9.3.1/../../../../arm-none-eabi/lib/thumb/v7e-m/nofp\libc_nano.a(lib_a-memset.o)
 .ARM.attributes
                0x00000000000003a9       0x2e c:/st/stm32cubeide_1.8.0/stm32cubeide/plugins/com.st.stm32cube.ide.mcu.externaltools.gnu-tools-for-stm32.9-2020-q2-update.win32_2.0.0.202105311346/tools/bin/../lib/gcc/arm-none-eabi/9.3.1/../../../../arm-none-eabi/lib/thumb/v7e-m/nofp\libc_nano.a(lib_a-nano-callocr.o)
 .ARM.attributes
                0x00000000000003d7       0x2e c:/st/stm32cubeide_1.8.0/stm32cubeide/plugins/com.st.stm32cube.ide.mcu.externaltools.gnu-tools-for-stm32.9-2020-q2-update.win32_2.0.0.202105311346/tools/bin/../lib/gcc/arm-none-eabi/9.3.1/../../../../arm-none-eabi/lib/thumb/v7e-m/nofp\libc_nano.a(lib_a-nano-mallocr.o)
 .ARM.attributes
                0x0000000000000405       0x2e c:/st/stm32cubeide_1.8.0/stm32cubeide/plugins/com.st.stm32cube.ide.mcu.externaltools.gnu-tools-for-stm32.9-2020-q2-update.win32_2.0.0.202105311346/tools/bin/../lib/gcc/arm-none-eabi/9.3.1/../../../../arm-none-eabi/lib/thumb/v7e-m/nofp\libc_nano.a(lib_a-printf.o)
 .ARM.attributes
                0x0000000000000433       0x2e c:/st/stm32cubeide_1.8.0/stm32cubeide/plugins/com.st.stm32cube.ide.mcu.externaltools.gnu-tools-for-stm32.9-2020-q2-update.win32_2.0.0.202105311346/tools/bin/../lib/gcc/arm-none-eabi/9.3.1/../../../../arm-none-eabi/lib/thumb/v7e-m/nofp\libc_nano.a(lib_a-putchar.o)
 .ARM.attributes
                0x0000000000000461       0x2e c:/st/stm32cubeide_1.8.0/stm32cubeide/plugins/com.st.stm32cube.ide.mcu.externaltools.gnu-tools-for-stm32.9-2020-q2-update.win32_2.0.0.202105311346/tools/bin/../lib/gcc/arm-none-eabi/9.3.1/../../../../arm-none-eabi/lib/thumb/v7e-m/nofp\libc_nano.a(lib_a-puts.o)
 .ARM.attributes
                0x000000000000048f       0x2e c:/st/stm32cubeide_1.8.0/stm32cubeide/plugins/com.st.stm32cube.ide.mcu.externaltools.gnu-tools-for-stm32.9-2020-q2-update.win32_2.0.0.202105311346/tools/bin/../lib/gcc/arm-none-eabi/9.3.1/../../../../arm-none-eabi/lib/thumb/v7e-m/nofp\libc_nano.a(lib_a-sbrkr.o)
 .ARM.attributes
                0x00000000000004bd       0x17 c:/st/stm32cubeide_1.8.0/stm32cubeide/plugins/com.st.stm32cube.ide.mcu.externaltools.gnu-tools-for-stm32.9-2020-q2-update.win32_2.0.0.202105311346/tools/bin/../lib/gcc/arm-none-eabi/9.3.1/../../../../arm-none-eabi/lib/thumb/v7e-m/nofp\libc_nano.a(lib_a-strlen.o)
 .ARM.attributes
                0x00000000000004d4       0x2e c:/st/stm32cubeide_1.8.0/stm32cubeide/plugins/com.st.stm32cube.ide.mcu.externaltools.gnu-tools-for-stm32.9-2020-q2-update.win32_2.0.0.202105311346/tools/bin/../lib/gcc/arm-none-eabi/9.3.1/../../../../arm-none-eabi/lib/thumb/v7e-m/nofp\libc_nano.a(lib_a-wbuf.o)
 .ARM.attributes
                0x0000000000000502       0x2e c:/st/stm32cubeide_1.8.0/stm32cubeide/plugins/com.st.stm32cube.ide.mcu.externaltools.gnu-tools-for-stm32.9-2020-q2-update.win32_2.0.0.202105311346/tools/bin/../lib/gcc/arm-none-eabi/9.3.1/../../../../arm-none-eabi/lib/thumb/v7e-m/nofp\libc_nano.a(lib_a-wsetup.o)
 .ARM.attributes
                0x0000000000000530       0x2e c:/st/stm32cubeide_1.8.0/stm32cubeide/plugins/com.st.stm32cube.ide.mcu.externaltools.gnu-tools-for-stm32.9-2020-q2-update.win32_2.0.0.202105311346/tools/bin/../lib/gcc/arm-none-eabi/9.3.1/../../../../arm-none-eabi/lib/thumb/v7e-m/nofp\libc_nano.a(lib_a-fflush.o)
 .ARM.attributes
                0x000000000000055e       0x2e c:/st/stm32cubeide_1.8.0/stm32cubeide/plugins/com.st.stm32cube.ide.mcu.externaltools.gnu-tools-for-stm32.9-2020-q2-update.win32_2.0.0.202105311346/tools/bin/../lib/gcc/arm-none-eabi/9.3.1/../../../../arm-none-eabi/lib/thumb/v7e-m/nofp\libc_nano.a(lib_a-findfp.o)
 .ARM.attributes
                0x000000000000058c       0x2e c:/st/stm32cubeide_1.8.0/stm32cubeide/plugins/com.st.stm32cube.ide.mcu.externaltools.gnu-tools-for-stm32.9-2020-q2-update.win32_2.0.0.202105311346/tools/bin/../lib/gcc/arm-none-eabi/9.3.1/../../../../arm-none-eabi/lib/thumb/v7e-m/nofp\libc_nano.a(lib_a-fwalk.o)
 .ARM.attributes
                0x00000000000005ba       0x2e c:/st/stm32cubeide_1.8.0/stm32cubeide/plugins/com.st.stm32cube.ide.mcu.externaltools.gnu-tools-for-stm32.9-2020-q2-update.win32_2.0.0.202105311346/tools/bin/../lib/gcc/arm-none-eabi/9.3.1/../../../../arm-none-eabi/lib/thumb/v7e-m/nofp\libc_nano.a(lib_a-lock.o)
 .ARM.attributes
                0x00000000000005e8       0x2e c:/st/stm32cubeide_1.8.0/stm32cubeide/plugins/com.st.stm32cube.ide.mcu.externaltools.gnu-tools-for-stm32.9-2020-q2-update.win32_2.0.0.202105311346/tools/bin/../lib/gcc/arm-none-eabi/9.3.1/../../../../arm-none-eabi/lib/thumb/v7e-m/nofp\libc_nano.a(lib_a-makebuf.o)
 .ARM.attributes
                0x0000000000000616       0x2e c:/st/stm32cubeide_1.8.0/stm32cubeide/plugins/com.st.stm32cube.ide.mcu.externaltools.gnu-tools-for-stm32.9-2020-q2-update.win32_2.0.0.202105311346/tools/bin/../lib/gcc/arm-none-eabi/9.3.1/../../../../arm-none-eabi/lib/thumb/v7e-m/nofp\libc_nano.a(lib_a-mlock.o)
 .ARM.attributes
                0x0000000000000644       0x2e c:/st/stm32cubeide_1.8.0/stm32cubeide/plugins/com.st.stm32cube.ide.mcu.externaltools.gnu-tools-for-stm32.9-2020-q2-update.win32_2.0.0.202105311346/tools/bin/../lib/gcc/arm-none-eabi/9.3.1/../../../../arm-none-eabi/lib/thumb/v7e-m/nofp\libc_nano.a(lib_a-nano-freer.o)
 .ARM.attributes
                0x0000000000000672       0x2e c:/st/stm32cubeide_1.8.0/stm32cubeide/plugins/com.st.stm32cube.ide.mcu.externaltools.gnu-tools-for-stm32.9-2020-q2-update.win32_2.0.0.202105311346/tools/bin/../lib/gcc/arm-none-eabi/9.3.1/../../../../arm-none-eabi/lib/thumb/v7e-m/nofp\libc_nano.a(lib_a-nano-vfprintf.o)
 .ARM.attributes
                0x00000000000006a0       0x2e c:/st/stm32cubeide_1.8.0/stm32cubeide/plugins/com.st.stm32cube.ide.mcu.externaltools.gnu-tools-for-stm32.9-2020-q2-update.win32_2.0.0.202105311346/tools/bin/../lib/gcc/arm-none-eabi/9.3.1/../../../../arm-none-eabi/lib/thumb/v7e-m/nofp\libc_nano.a(lib_a-nano-vfprintf_i.o)
 .ARM.attributes
                0x00000000000006ce       0x2e c:/st/stm32cubeide_1.8.0/stm32cubeide/plugins/com.st.stm32cube.ide.mcu.externaltools.gnu-tools-for-stm32.9-2020-q2-update.win32_2.0.0.202105311346/tools/bin/../lib/gcc/arm-none-eabi/9.3.1/../../../../arm-none-eabi/lib/thumb/v7e-m/nofp\libc_nano.a(lib_a-putc.o)
 .ARM.attributes
                0x00000000000006fc       0x2e c:/st/stm32cubeide_1.8.0/stm32cubeide/plugins/com.st.stm32cube.ide.mcu.externaltools.gnu-tools-for-stm32.9-2020-q2-update.win32_2.0.0.202105311346/tools/bin/../lib/gcc/arm-none-eabi/9.3.1/../../../../arm-none-eabi/lib/thumb/v7e-m/nofp\libc_nano.a(lib_a-reent.o)
 .ARM.attributes
                0x000000000000072a       0x2e c:/st/stm32cubeide_1.8.0/stm32cubeide/plugins/com.st.stm32cube.ide.mcu.externaltools.gnu-tools-for-stm32.9-2020-q2-update.win32_2.0.0.202105311346/tools/bin/../lib/gcc/arm-none-eabi/9.3.1/../../../../arm-none-eabi/lib/thumb/v7e-m/nofp\libc_nano.a(lib_a-stdio.o)
 .ARM.attributes
                0x0000000000000758       0x2e c:/st/stm32cubeide_1.8.0/stm32cubeide/plugins/com.st.stm32cube.ide.mcu.externaltools.gnu-tools-for-stm32.9-2020-q2-update.win32_2.0.0.202105311346/tools/bin/../lib/gcc/arm-none-eabi/9.3.1/../../../../arm-none-eabi/lib/thumb/v7e-m/nofp\libc_nano.a(lib_a-writer.o)
 .ARM.attributes
                0x0000000000000786       0x2e c:/st/stm32cubeide_1.8.0/stm32cubeide/plugins/com.st.stm32cube.ide.mcu.externaltools.gnu-tools-for-stm32.9-2020-q2-update.win32_2.0.0.202105311346/tools/bin/../lib/gcc/arm-none-eabi/9.3.1/../../../../arm-none-eabi/lib/thumb/v7e-m/nofp\libc_nano.a(lib_a-closer.o)
 .ARM.attributes
                0x00000000000007b4       0x2e c:/st/stm32cubeide_1.8.0/stm32cubeide/plugins/com.st.stm32cube.ide.mcu.externaltools.gnu-tools-for-stm32.9-2020-q2-update.win32_2.0.0.202105311346/tools/bin/../lib/gcc/arm-none-eabi/9.3.1/../../../../arm-none-eabi/lib/thumb/v7e-m/nofp\libc_nano.a(lib_a-fstatr.o)
 .ARM.attributes
                0x00000000000007e2       0x2e c:/st/stm32cubeide_1.8.0/stm32cubeide/plugins/com.st.stm32cube.ide.mcu.externaltools.gnu-tools-for-stm32.9-2020-q2-update.win32_2.0.0.202105311346/tools/bin/../lib/gcc/arm-none-eabi/9.3.1/../../../../arm-none-eabi/lib/thumb/v7e-m/nofp\libc_nano.a(lib_a-isattyr.o)
 .ARM.attributes
                0x0000000000000810       0x2e c:/st/stm32cubeide_1.8.0/stm32cubeide/plugins/com.st.stm32cube.ide.mcu.externaltools.gnu-tools-for-stm32.9-2020-q2-update.win32_2.0.0.202105311346/tools/bin/../lib/gcc/arm-none-eabi/9.3.1/../../../../arm-none-eabi/lib/thumb/v7e-m/nofp\libc_nano.a(lib_a-lseekr.o)
 .ARM.attributes
                0x000000000000083e       0x1c c:/st/stm32cubeide_1.8.0/stm32cubeide/plugins/com.st.stm32cube.ide.mcu.externaltools.gnu-tools-for-stm32.9-2020-q2-update.win32_2.0.0.202105311346/tools/bin/../lib/gcc/arm-none-eabi/9.3.1/../../../../arm-none-eabi/lib/thumb/v7e-m/nofp\libc_nano.a(lib_a-memchr.o)
 .ARM.attributes
                0x000000000000085a       0x2e c:/st/stm32cubeide_1.8.0/stm32cubeide/plugins/com.st.stm32cube.ide.mcu.externaltools.gnu-tools-for-stm32.9-2020-q2-update.win32_2.0.0.202105311346/tools/bin/../lib/gcc/arm-none-eabi/9.3.1/../../../../arm-none-eabi/lib/thumb/v7e-m/nofp\libc_nano.a(lib_a-readr.o)
 .ARM.attributes
                0x0000000000000888       0x1e c:/st/stm32cubeide_1.8.0/stm32cubeide/plugins/com.st.stm32cube.ide.mcu.externaltools.gnu-tools-for-stm32.9-2020-q2-update.win32_2.0.0.202105311346/tools/bin/../lib/gcc/arm-none-eabi/9.3.1/thumb/v7e-m/nofp/crtn.o
OUTPUT(9_crypto_driver-Multiplicative_Cipher.elf elf32-littlearm)
LOAD linker stubs
LOAD c:/st/stm32cubeide_1.8.0/stm32cubeide/plugins/com.st.stm32cube.ide.mcu.externaltools.gnu-tools-for-stm32.9-2020-q2-update.win32_2.0.0.202105311346/tools/bin/../lib/gcc/arm-none-eabi/9.3.1/../../../../arm-none-eabi/lib/thumb/v7e-m/nofp\libc.a
LOAD c:/st/stm32cubeide_1.8.0/stm32cubeide/plugins/com.st.stm32cube.ide.mcu.externaltools.gnu-tools-for-stm32.9-2020-q2-update.win32_2.0.0.202105311346/tools/bin/../lib/gcc/arm-none-eabi/9.3.1/../../../../arm-none-eabi/lib/thumb/v7e-m/nofp\libm.a
LOAD c:/st/stm32cubeide_1.8.0/stm32cubeide/plugins/com.st.stm32cube.ide.mcu.externaltools.gnu-tools-for-stm32.9-2020-q2-update.win32_2.0.0.202105311346/tools/bin/../lib/gcc/arm-none-eabi/9.3.1/thumb/v7e-m/nofp\libgcc.a

.debug_info     0x0000000000000000     0x67a9
 .debug_info    0x0000000000000000      0xac0 ./Crypto_Engine/Src/MonoAlphabetic_Cipher.o
 .debug_info    0x0000000000000ac0      0xaf1 ./Crypto_Engine/Src/Multiplicative_Cipher.o
 .debug_info    0x00000000000015b1      0xc54 ./Crypto_Engine/Src/PolyAlphabetic_Cipher.o
 .debug_info    0x0000000000002205      0xb9f ./Crypto_Engine/Src/ceasars_cipher.o
 .debug_info    0x0000000000002da4      0x522 ./Src/adc.o
 .debug_info    0x00000000000032c6      0x435 ./Src/bsp.o
 .debug_info    0x00000000000036fb      0x2ef ./Src/fpu.o
 .debug_info    0x00000000000039ea      0xc1b ./Src/main.o
 .debug_info    0x0000000000004605      0xfa8 ./Src/syscalls.o
 .debug_info    0x00000000000055ad      0xa25 ./Src/sysmem.o
 .debug_info    0x0000000000005fd2      0x287 ./Src/timebase.o
 .debug_info    0x0000000000006259      0x52e ./Src/uart.o
 .debug_info    0x0000000000006787       0x22 ./Startup/startup_stm32f446retx.o

.debug_abbrev   0x0000000000000000     0x14d4
 .debug_abbrev  0x0000000000000000      0x214 ./Crypto_Engine/Src/MonoAlphabetic_Cipher.o
 .debug_abbrev  0x0000000000000214      0x220 ./Crypto_Engine/Src/Multiplicative_Cipher.o
 .debug_abbrev  0x0000000000000434      0x209 ./Crypto_Engine/Src/PolyAlphabetic_Cipher.o
 .debug_abbrev  0x000000000000063d      0x22d ./Crypto_Engine/Src/ceasars_cipher.o
 .debug_abbrev  0x000000000000086a      0x129 ./Src/adc.o
 .debug_abbrev  0x0000000000000993       0xf8 ./Src/bsp.o
 .debug_abbrev  0x0000000000000a8b       0xdc ./Src/fpu.o
 .debug_abbrev  0x0000000000000b67      0x207 ./Src/main.o
 .debug_abbrev  0x0000000000000d6e      0x286 ./Src/syscalls.o
 .debug_abbrev  0x0000000000000ff4      0x1bf ./Src/sysmem.o
 .debug_abbrev  0x00000000000011b3      0x1a1 ./Src/timebase.o
 .debug_abbrev  0x0000000000001354      0x16e ./Src/uart.o
 .debug_abbrev  0x00000000000014c2       0x12 ./Startup/startup_stm32f446retx.o

.debug_aranges  0x0000000000000000      0x2f8
 .debug_aranges
                0x0000000000000000       0x28 ./Crypto_Engine/Src/MonoAlphabetic_Cipher.o
 .debug_aranges
                0x0000000000000028       0x30 ./Crypto_Engine/Src/Multiplicative_Cipher.o
 .debug_aranges
                0x0000000000000058       0x40 ./Crypto_Engine/Src/PolyAlphabetic_Cipher.o
 .debug_aranges
                0x0000000000000098       0x40 ./Crypto_Engine/Src/ceasars_cipher.o
 .debug_aranges
                0x00000000000000d8       0x30 ./Src/adc.o
 .debug_aranges
                0x0000000000000108       0x40 ./Src/bsp.o
 .debug_aranges
                0x0000000000000148       0x20 ./Src/fpu.o
 .debug_aranges
                0x0000000000000168       0x20 ./Src/main.o
 .debug_aranges
                0x0000000000000188       0xa8 ./Src/syscalls.o
 .debug_aranges
                0x0000000000000230       0x20 ./Src/sysmem.o
 .debug_aranges
                0x0000000000000250       0x40 ./Src/timebase.o
 .debug_aranges
                0x0000000000000290       0x40 ./Src/uart.o
 .debug_aranges
                0x00000000000002d0       0x28 ./Startup/startup_stm32f446retx.o

.debug_ranges   0x0000000000000000      0x260
 .debug_ranges  0x0000000000000000       0x48 ./Crypto_Engine/Src/MonoAlphabetic_Cipher.o
 .debug_ranges  0x0000000000000048       0x20 ./Crypto_Engine/Src/Multiplicative_Cipher.o
 .debug_ranges  0x0000000000000068       0x30 ./Crypto_Engine/Src/PolyAlphabetic_Cipher.o
 .debug_ranges  0x0000000000000098       0x30 ./Crypto_Engine/Src/ceasars_cipher.o
 .debug_ranges  0x00000000000000c8       0x20 ./Src/adc.o
 .debug_ranges  0x00000000000000e8       0x30 ./Src/bsp.o
 .debug_ranges  0x0000000000000118       0x10 ./Src/fpu.o
 .debug_ranges  0x0000000000000128       0x10 ./Src/main.o
 .debug_ranges  0x0000000000000138       0x98 ./Src/syscalls.o
 .debug_ranges  0x00000000000001d0       0x10 ./Src/sysmem.o
 .debug_ranges  0x00000000000001e0       0x30 ./Src/timebase.o
 .debug_ranges  0x0000000000000210       0x30 ./Src/uart.o
 .debug_ranges  0x0000000000000240       0x20 ./Startup/startup_stm32f446retx.o

.debug_macro    0x0000000000000000    0x1ba16
 .debug_macro   0x0000000000000000      0x275 ./Crypto_Engine/Src/MonoAlphabetic_Cipher.o
 .debug_macro   0x0000000000000275      0xaa8 ./Crypto_Engine/Src/MonoAlphabetic_Cipher.o
 .debug_macro   0x0000000000000d1d       0x22 ./Crypto_Engine/Src/MonoAlphabetic_Cipher.o
 .debug_macro   0x0000000000000d3f       0x4c ./Crypto_Engine/Src/MonoAlphabetic_Cipher.o
 .debug_macro   0x0000000000000d8b       0x18 ./Crypto_Engine/Src/MonoAlphabetic_Cipher.o
 .debug_macro   0x0000000000000da3       0x94 ./Crypto_Engine/Src/MonoAlphabetic_Cipher.o
 .debug_macro   0x0000000000000e37       0x3c ./Crypto_Engine/Src/MonoAlphabetic_Cipher.o
 .debug_macro   0x0000000000000e73       0x34 ./Crypto_Engine/Src/MonoAlphabetic_Cipher.o
 .debug_macro   0x0000000000000ea7      0x174 ./Crypto_Engine/Src/MonoAlphabetic_Cipher.o
 .debug_macro   0x000000000000101b       0x16 ./Crypto_Engine/Src/MonoAlphabetic_Cipher.o
 .debug_macro   0x0000000000001031       0x43 ./Crypto_Engine/Src/MonoAlphabetic_Cipher.o
 .debug_macro   0x0000000000001074       0x57 ./Crypto_Engine/Src/MonoAlphabetic_Cipher.o
 .debug_macro   0x00000000000010cb       0x34 ./Crypto_Engine/Src/MonoAlphabetic_Cipher.o
 .debug_macro   0x00000000000010ff       0x10 ./Crypto_Engine/Src/MonoAlphabetic_Cipher.o
 .debug_macro   0x000000000000110f       0x58 ./Crypto_Engine/Src/MonoAlphabetic_Cipher.o
 .debug_macro   0x0000000000001167       0x71 ./Crypto_Engine/Src/MonoAlphabetic_Cipher.o
 .debug_macro   0x00000000000011d8       0x1c ./Crypto_Engine/Src/MonoAlphabetic_Cipher.o
 .debug_macro   0x00000000000011f4      0x12a ./Crypto_Engine/Src/MonoAlphabetic_Cipher.o
 .debug_macro   0x000000000000131e      0x339 ./Crypto_Engine/Src/MonoAlphabetic_Cipher.o
 .debug_macro   0x0000000000001657       0x10 ./Crypto_Engine/Src/MonoAlphabetic_Cipher.o
 .debug_macro   0x0000000000001667       0x35 ./Crypto_Engine/Src/MonoAlphabetic_Cipher.o
 .debug_macro   0x000000000000169c       0x20 ./Crypto_Engine/Src/MonoAlphabetic_Cipher.o
 .debug_macro   0x00000000000016bc       0x1c ./Crypto_Engine/Src/MonoAlphabetic_Cipher.o
 .debug_macro   0x00000000000016d8       0x10 ./Crypto_Engine/Src/MonoAlphabetic_Cipher.o
 .debug_macro   0x00000000000016e8       0x10 ./Crypto_Engine/Src/MonoAlphabetic_Cipher.o
 .debug_macro   0x00000000000016f8       0x6a ./Crypto_Engine/Src/MonoAlphabetic_Cipher.o
 .debug_macro   0x0000000000001762       0x1c ./Crypto_Engine/Src/MonoAlphabetic_Cipher.o
 .debug_macro   0x000000000000177e       0x52 ./Crypto_Engine/Src/MonoAlphabetic_Cipher.o
 .debug_macro   0x00000000000017d0       0x22 ./Crypto_Engine/Src/MonoAlphabetic_Cipher.o
 .debug_macro   0x00000000000017f2       0x10 ./Crypto_Engine/Src/MonoAlphabetic_Cipher.o
 .debug_macro   0x0000000000001802       0x40 ./Crypto_Engine/Src/MonoAlphabetic_Cipher.o
 .debug_macro   0x0000000000001842       0xd5 ./Crypto_Engine/Src/MonoAlphabetic_Cipher.o
 .debug_macro   0x0000000000001917       0x1c ./Crypto_Engine/Src/MonoAlphabetic_Cipher.o
 .debug_macro   0x0000000000001933       0x3d ./Crypto_Engine/Src/MonoAlphabetic_Cipher.o
 .debug_macro   0x0000000000001970       0x16 ./Crypto_Engine/Src/MonoAlphabetic_Cipher.o
 .debug_macro   0x0000000000001986      0x145 ./Crypto_Engine/Src/MonoAlphabetic_Cipher.o
 .debug_macro   0x0000000000001acb      0x103 ./Crypto_Engine/Src/MonoAlphabetic_Cipher.o
 .debug_macro   0x0000000000001bce      0x1df ./Crypto_Engine/Src/MonoAlphabetic_Cipher.o
 .debug_macro   0x0000000000001dad       0x28 ./Crypto_Engine/Src/MonoAlphabetic_Cipher.o
 .debug_macro   0x0000000000001dd5       0x28 ./Crypto_Engine/Src/MonoAlphabetic_Cipher.o
 .debug_macro   0x0000000000001dfd       0x1c ./Crypto_Engine/Src/MonoAlphabetic_Cipher.o
 .debug_macro   0x0000000000001e19       0x22 ./Crypto_Engine/Src/MonoAlphabetic_Cipher.o
 .debug_macro   0x0000000000001e3b       0xd9 ./Crypto_Engine/Src/MonoAlphabetic_Cipher.o
 .debug_macro   0x0000000000001f14     0x102d ./Crypto_Engine/Src/MonoAlphabetic_Cipher.o
 .debug_macro   0x0000000000002f41      0x11f ./Crypto_Engine/Src/MonoAlphabetic_Cipher.o
 .debug_macro   0x0000000000003060    0x16749 ./Crypto_Engine/Src/MonoAlphabetic_Cipher.o
 .debug_macro   0x00000000000197a9       0x6d ./Crypto_Engine/Src/MonoAlphabetic_Cipher.o
 .debug_macro   0x0000000000019816       0x58 ./Crypto_Engine/Src/MonoAlphabetic_Cipher.o
 .debug_macro   0x000000000001986e      0x281 ./Crypto_Engine/Src/Multiplicative_Cipher.o
 .debug_macro   0x0000000000019aef       0x8e ./Crypto_Engine/Src/Multiplicative_Cipher.o
 .debug_macro   0x0000000000019b7d       0x51 ./Crypto_Engine/Src/Multiplicative_Cipher.o
 .debug_macro   0x0000000000019bce       0x52 ./Crypto_Engine/Src/Multiplicative_Cipher.o
 .debug_macro   0x0000000000019c20       0x16 ./Crypto_Engine/Src/Multiplicative_Cipher.o
 .debug_macro   0x0000000000019c36       0x97 ./Crypto_Engine/Src/Multiplicative_Cipher.o
 .debug_macro   0x0000000000019ccd       0xfd ./Crypto_Engine/Src/Multiplicative_Cipher.o
 .debug_macro   0x0000000000019dca       0x16 ./Crypto_Engine/Src/Multiplicative_Cipher.o
 .debug_macro   0x0000000000019de0      0x284 ./Crypto_Engine/Src/PolyAlphabetic_Cipher.o
 .debug_macro   0x000000000001a064      0x11f ./Crypto_Engine/Src/PolyAlphabetic_Cipher.o
 .debug_macro   0x000000000001a183      0x24b ./Crypto_Engine/Src/ceasars_cipher.o
 .debug_macro   0x000000000001a3ce       0xf5 ./Src/adc.o
 .debug_macro   0x000000000001a4c3       0xdf ./Src/adc.o
 .debug_macro   0x000000000001a5a2       0x22 ./Src/adc.o
 .debug_macro   0x000000000001a5c4       0x34 ./Src/adc.o
 .debug_macro   0x000000000001a5f8       0x3a ./Src/adc.o
 .debug_macro   0x000000000001a632       0xe6 ./Src/bsp.o
 .debug_macro   0x000000000001a718       0xd8 ./Src/fpu.o
 .debug_macro   0x000000000001a7f0      0x30c ./Src/main.o
 .debug_macro   0x000000000001aafc       0x16 ./Src/main.o
 .debug_macro   0x000000000001ab12       0x16 ./Src/main.o
 .debug_macro   0x000000000001ab28       0x29 ./Src/main.o
 .debug_macro   0x000000000001ab51       0x5e ./Src/main.o
 .debug_macro   0x000000000001abaf       0x3a ./Src/main.o
 .debug_macro   0x000000000001abe9       0x3a ./Src/main.o
 .debug_macro   0x000000000001ac23       0x10 ./Src/main.o
 .debug_macro   0x000000000001ac33       0x10 ./Src/main.o
 .debug_macro   0x000000000001ac43      0x24c ./Src/syscalls.o
 .debug_macro   0x000000000001ae8f       0x10 ./Src/syscalls.o
 .debug_macro   0x000000000001ae9f       0x10 ./Src/syscalls.o
 .debug_macro   0x000000000001aeaf       0x10 ./Src/syscalls.o
 .debug_macro   0x000000000001aebf       0x35 ./Src/syscalls.o
 .debug_macro   0x000000000001aef4      0x12c ./Src/syscalls.o
 .debug_macro   0x000000000001b020       0x10 ./Src/syscalls.o
 .debug_macro   0x000000000001b030      0x241 ./Src/syscalls.o
 .debug_macro   0x000000000001b271       0x10 ./Src/syscalls.o
 .debug_macro   0x000000000001b281      0x189 ./Src/syscalls.o
 .debug_macro   0x000000000001b40a       0x16 ./Src/syscalls.o
 .debug_macro   0x000000000001b420       0xce ./Src/syscalls.o
 .debug_macro   0x000000000001b4ee       0xff ./Src/sysmem.o
 .debug_macro   0x000000000001b5ed      0x23b ./Src/sysmem.o
 .debug_macro   0x000000000001b828       0xdd ./Src/timebase.o
 .debug_macro   0x000000000001b905       0x34 ./Src/timebase.o
 .debug_macro   0x000000000001b939       0xdd ./Src/uart.o

.debug_line     0x0000000000000000     0x5c0f
 .debug_line    0x0000000000000000      0x97d ./Crypto_Engine/Src/MonoAlphabetic_Cipher.o
 .debug_line    0x000000000000097d      0x987 ./Crypto_Engine/Src/Multiplicative_Cipher.o
 .debug_line    0x0000000000001304      0xb0b ./Crypto_Engine/Src/PolyAlphabetic_Cipher.o
 .debug_line    0x0000000000001e0f      0x991 ./Crypto_Engine/Src/ceasars_cipher.o
 .debug_line    0x00000000000027a0      0x5cf ./Src/adc.o
 .debug_line    0x0000000000002d6f      0x5d5 ./Src/bsp.o
 .debug_line    0x0000000000003344      0x55f ./Src/fpu.o
 .debug_line    0x00000000000038a3      0x9c4 ./Src/main.o
 .debug_line    0x0000000000004267      0x7fd ./Src/syscalls.o
 .debug_line    0x0000000000004a64      0x4f3 ./Src/sysmem.o
 .debug_line    0x0000000000004f57      0x630 ./Src/timebase.o
 .debug_line    0x0000000000005587      0x604 ./Src/uart.o
 .debug_line    0x0000000000005b8b       0x84 ./Startup/startup_stm32f446retx.o

.debug_str      0x0000000000000000    0x91bd1
 .debug_str     0x0000000000000000    0x8f1da ./Crypto_Engine/Src/MonoAlphabetic_Cipher.o
                                      0x8f48c (size before relaxing)
 .debug_str     0x000000000008f1da       0xc2 ./Crypto_Engine/Src/Multiplicative_Cipher.o
                                      0x8f4ad (size before relaxing)
 .debug_str     0x000000000008f29c      0x932 ./Crypto_Engine/Src/PolyAlphabetic_Cipher.o
                                      0x8fd3e (size before relaxing)
 .debug_str     0x000000000008fbce      0x109 ./Crypto_Engine/Src/ceasars_cipher.o
                                      0x8f496 (size before relaxing)
 .debug_str     0x000000000008fcd7      0x362 ./Src/adc.o
                                      0x8b181 (size before relaxing)
 .debug_str     0x0000000000090039       0x41 ./Src/bsp.o
                                      0x8b08c (size before relaxing)
 .debug_str     0x000000000009007a       0x74 ./Src/fpu.o
                                      0x8aea0 (size before relaxing)
 .debug_str     0x00000000000900ee      0x2d1 ./Src/main.o
                                      0x90169 (size before relaxing)
 .debug_str     0x00000000000903bf     0x165d ./Src/syscalls.o
                                       0x8ee5 (size before relaxing)
 .debug_str     0x0000000000091a1c       0x66 ./Src/sysmem.o
                                       0x62b8 (size before relaxing)
 .debug_str     0x0000000000091a82       0xae ./Src/timebase.o
                                      0x8af77 (size before relaxing)
 .debug_str     0x0000000000091b30       0x70 ./Src/uart.o
                                      0x8b130 (size before relaxing)
 .debug_str     0x0000000000091ba0       0x31 ./Startup/startup_stm32f446retx.o
                                         0xb3 (size before relaxing)

.comment        0x0000000000000000       0x53
 .comment       0x0000000000000000       0x53 ./Crypto_Engine/Src/MonoAlphabetic_Cipher.o
                                         0x54 (size before relaxing)
 .comment       0x0000000000000053       0x54 ./Crypto_Engine/Src/Multiplicative_Cipher.o
 .comment       0x0000000000000053       0x54 ./Crypto_Engine/Src/PolyAlphabetic_Cipher.o
 .comment       0x0000000000000053       0x54 ./Crypto_Engine/Src/ceasars_cipher.o
 .comment       0x0000000000000053       0x54 ./Src/adc.o
 .comment       0x0000000000000053       0x54 ./Src/bsp.o
 .comment       0x0000000000000053       0x54 ./Src/fpu.o
 .comment       0x0000000000000053       0x54 ./Src/main.o
 .comment       0x0000000000000053       0x54 ./Src/syscalls.o
 .comment       0x0000000000000053       0x54 ./Src/sysmem.o
 .comment       0x0000000000000053       0x54 ./Src/timebase.o
 .comment       0x0000000000000053       0x54 ./Src/uart.o

.debug_frame    0x0000000000000000     0x1174
 .debug_frame   0x0000000000000000       0x58 ./Crypto_Engine/Src/MonoAlphabetic_Cipher.o
 .debug_frame   0x0000000000000058       0x80 ./Crypto_Engine/Src/Multiplicative_Cipher.o
 .debug_frame   0x00000000000000d8       0xc4 ./Crypto_Engine/Src/PolyAlphabetic_Cipher.o
 .debug_frame   0x000000000000019c       0xd0 ./Crypto_Engine/Src/ceasars_cipher.o
 .debug_frame   0x000000000000026c       0x70 ./Src/adc.o
 .debug_frame   0x00000000000002dc       0xb0 ./Src/bsp.o
 .debug_frame   0x000000000000038c       0x30 ./Src/fpu.o
 .debug_frame   0x00000000000003bc       0x3c ./Src/main.o
 .debug_frame   0x00000000000003f8      0x2ac ./Src/syscalls.o
 .debug_frame   0x00000000000006a4       0x34 ./Src/sysmem.o
 .debug_frame   0x00000000000006d8       0xb0 ./Src/timebase.o
 .debug_frame   0x0000000000000788       0xc4 ./Src/uart.o
 .debug_frame   0x000000000000084c       0x20 c:/st/stm32cubeide_1.8.0/stm32cubeide/plugins/com.st.stm32cube.ide.mcu.externaltools.gnu-tools-for-stm32.9-2020-q2-update.win32_2.0.0.202105311346/tools/bin/../lib/gcc/arm-none-eabi/9.3.1/../../../../arm-none-eabi/lib/thumb/v7e-m/nofp\libc_nano.a(lib_a-calloc.o)
 .debug_frame   0x000000000000086c       0x20 c:/st/stm32cubeide_1.8.0/stm32cubeide/plugins/com.st.stm32cube.ide.mcu.externaltools.gnu-tools-for-stm32.9-2020-q2-update.win32_2.0.0.202105311346/tools/bin/../lib/gcc/arm-none-eabi/9.3.1/../../../../arm-none-eabi/lib/thumb/v7e-m/nofp\libc_nano.a(lib_a-errno.o)
 .debug_frame   0x000000000000088c       0x2c c:/st/stm32cubeide_1.8.0/stm32cubeide/plugins/com.st.stm32cube.ide.mcu.externaltools.gnu-tools-for-stm32.9-2020-q2-update.win32_2.0.0.202105311346/tools/bin/../lib/gcc/arm-none-eabi/9.3.1/../../../../arm-none-eabi/lib/thumb/v7e-m/nofp\libc_nano.a(lib_a-init.o)
 .debug_frame   0x00000000000008b8       0x20 c:/st/stm32cubeide_1.8.0/stm32cubeide/plugins/com.st.stm32cube.ide.mcu.externaltools.gnu-tools-for-stm32.9-2020-q2-update.win32_2.0.0.202105311346/tools/bin/../lib/gcc/arm-none-eabi/9.3.1/../../../../arm-none-eabi/lib/thumb/v7e-m/nofp\libc_nano.a(lib_a-memset.o)
 .debug_frame   0x00000000000008d8       0x2c c:/st/stm32cubeide_1.8.0/stm32cubeide/plugins/com.st.stm32cube.ide.mcu.externaltools.gnu-tools-for-stm32.9-2020-q2-update.win32_2.0.0.202105311346/tools/bin/../lib/gcc/arm-none-eabi/9.3.1/../../../../arm-none-eabi/lib/thumb/v7e-m/nofp\libc_nano.a(lib_a-nano-callocr.o)
 .debug_frame   0x0000000000000904       0x30 c:/st/stm32cubeide_1.8.0/stm32cubeide/plugins/com.st.stm32cube.ide.mcu.externaltools.gnu-tools-for-stm32.9-2020-q2-update.win32_2.0.0.202105311346/tools/bin/../lib/gcc/arm-none-eabi/9.3.1/../../../../arm-none-eabi/lib/thumb/v7e-m/nofp\libc_nano.a(lib_a-nano-mallocr.o)
 .debug_frame   0x0000000000000934       0x74 c:/st/stm32cubeide_1.8.0/stm32cubeide/plugins/com.st.stm32cube.ide.mcu.externaltools.gnu-tools-for-stm32.9-2020-q2-update.win32_2.0.0.202105311346/tools/bin/../lib/gcc/arm-none-eabi/9.3.1/../../../../arm-none-eabi/lib/thumb/v7e-m/nofp\libc_nano.a(lib_a-printf.o)
 .debug_frame   0x00000000000009a8       0x58 c:/st/stm32cubeide_1.8.0/stm32cubeide/plugins/com.st.stm32cube.ide.mcu.externaltools.gnu-tools-for-stm32.9-2020-q2-update.win32_2.0.0.202105311346/tools/bin/../lib/gcc/arm-none-eabi/9.3.1/../../../../arm-none-eabi/lib/thumb/v7e-m/nofp\libc_nano.a(lib_a-putchar.o)
 .debug_frame   0x0000000000000a00       0x3c c:/st/stm32cubeide_1.8.0/stm32cubeide/plugins/com.st.stm32cube.ide.mcu.externaltools.gnu-tools-for-stm32.9-2020-q2-update.win32_2.0.0.202105311346/tools/bin/../lib/gcc/arm-none-eabi/9.3.1/../../../../arm-none-eabi/lib/thumb/v7e-m/nofp\libc_nano.a(lib_a-puts.o)
 .debug_frame   0x0000000000000a3c       0x2c c:/st/stm32cubeide_1.8.0/stm32cubeide/plugins/com.st.stm32cube.ide.mcu.externaltools.gnu-tools-for-stm32.9-2020-q2-update.win32_2.0.0.202105311346/tools/bin/../lib/gcc/arm-none-eabi/9.3.1/../../../../arm-none-eabi/lib/thumb/v7e-m/nofp\libc_nano.a(lib_a-sbrkr.o)
 .debug_frame   0x0000000000000a68       0x40 c:/st/stm32cubeide_1.8.0/stm32cubeide/plugins/com.st.stm32cube.ide.mcu.externaltools.gnu-tools-for-stm32.9-2020-q2-update.win32_2.0.0.202105311346/tools/bin/../lib/gcc/arm-none-eabi/9.3.1/../../../../arm-none-eabi/lib/thumb/v7e-m/nofp\libc_nano.a(lib_a-wbuf.o)
 .debug_frame   0x0000000000000aa8       0x2c c:/st/stm32cubeide_1.8.0/stm32cubeide/plugins/com.st.stm32cube.ide.mcu.externaltools.gnu-tools-for-stm32.9-2020-q2-update.win32_2.0.0.202105311346/tools/bin/../lib/gcc/arm-none-eabi/9.3.1/../../../../arm-none-eabi/lib/thumb/v7e-m/nofp\libc_nano.a(lib_a-wsetup.o)
 .debug_frame   0x0000000000000ad4       0x5c c:/st/stm32cubeide_1.8.0/stm32cubeide/plugins/com.st.stm32cube.ide.mcu.externaltools.gnu-tools-for-stm32.9-2020-q2-update.win32_2.0.0.202105311346/tools/bin/../lib/gcc/arm-none-eabi/9.3.1/../../../../arm-none-eabi/lib/thumb/v7e-m/nofp\libc_nano.a(lib_a-fflush.o)
 .debug_frame   0x0000000000000b30      0x14c c:/st/stm32cubeide_1.8.0/stm32cubeide/plugins/com.st.stm32cube.ide.mcu.externaltools.gnu-tools-for-stm32.9-2020-q2-update.win32_2.0.0.202105311346/tools/bin/../lib/gcc/arm-none-eabi/9.3.1/../../../../arm-none-eabi/lib/thumb/v7e-m/nofp\libc_nano.a(lib_a-findfp.o)
 .debug_frame   0x0000000000000c7c       0x54 c:/st/stm32cubeide_1.8.0/stm32cubeide/plugins/com.st.stm32cube.ide.mcu.externaltools.gnu-tools-for-stm32.9-2020-q2-update.win32_2.0.0.202105311346/tools/bin/../lib/gcc/arm-none-eabi/9.3.1/../../../../arm-none-eabi/lib/thumb/v7e-m/nofp\libc_nano.a(lib_a-fwalk.o)
 .debug_frame   0x0000000000000cd0       0xb0 c:/st/stm32cubeide_1.8.0/stm32cubeide/plugins/com.st.stm32cube.ide.mcu.externaltools.gnu-tools-for-stm32.9-2020-q2-update.win32_2.0.0.202105311346/tools/bin/../lib/gcc/arm-none-eabi/9.3.1/../../../../arm-none-eabi/lib/thumb/v7e-m/nofp\libc_nano.a(lib_a-lock.o)
 .debug_frame   0x0000000000000d80       0x58 c:/st/stm32cubeide_1.8.0/stm32cubeide/plugins/com.st.stm32cube.ide.mcu.externaltools.gnu-tools-for-stm32.9-2020-q2-update.win32_2.0.0.202105311346/tools/bin/../lib/gcc/arm-none-eabi/9.3.1/../../../../arm-none-eabi/lib/thumb/v7e-m/nofp\libc_nano.a(lib_a-makebuf.o)
 .debug_frame   0x0000000000000dd8       0x30 c:/st/stm32cubeide_1.8.0/stm32cubeide/plugins/com.st.stm32cube.ide.mcu.externaltools.gnu-tools-for-stm32.9-2020-q2-update.win32_2.0.0.202105311346/tools/bin/../lib/gcc/arm-none-eabi/9.3.1/../../../../arm-none-eabi/lib/thumb/v7e-m/nofp\libc_nano.a(lib_a-mlock.o)
 .debug_frame   0x0000000000000e08       0x38 c:/st/stm32cubeide_1.8.0/stm32cubeide/plugins/com.st.stm32cube.ide.mcu.externaltools.gnu-tools-for-stm32.9-2020-q2-update.win32_2.0.0.202105311346/tools/bin/../lib/gcc/arm-none-eabi/9.3.1/../../../../arm-none-eabi/lib/thumb/v7e-m/nofp\libc_nano.a(lib_a-nano-freer.o)
 .debug_frame   0x0000000000000e40       0xac c:/st/stm32cubeide_1.8.0/stm32cubeide/plugins/com.st.stm32cube.ide.mcu.externaltools.gnu-tools-for-stm32.9-2020-q2-update.win32_2.0.0.202105311346/tools/bin/../lib/gcc/arm-none-eabi/9.3.1/../../../../arm-none-eabi/lib/thumb/v7e-m/nofp\libc_nano.a(lib_a-nano-vfprintf.o)
 .debug_frame   0x0000000000000eec       0x60 c:/st/stm32cubeide_1.8.0/stm32cubeide/plugins/com.st.stm32cube.ide.mcu.externaltools.gnu-tools-for-stm32.9-2020-q2-update.win32_2.0.0.202105311346/tools/bin/../lib/gcc/arm-none-eabi/9.3.1/../../../../arm-none-eabi/lib/thumb/v7e-m/nofp\libc_nano.a(lib_a-nano-vfprintf_i.o)
 .debug_frame   0x0000000000000f4c       0x3c c:/st/stm32cubeide_1.8.0/stm32cubeide/plugins/com.st.stm32cube.ide.mcu.externaltools.gnu-tools-for-stm32.9-2020-q2-update.win32_2.0.0.202105311346/tools/bin/../lib/gcc/arm-none-eabi/9.3.1/../../../../arm-none-eabi/lib/thumb/v7e-m/nofp\libc_nano.a(lib_a-putc.o)
 .debug_frame   0x0000000000000f88       0x5c c:/st/stm32cubeide_1.8.0/stm32cubeide/plugins/com.st.stm32cube.ide.mcu.externaltools.gnu-tools-for-stm32.9-2020-q2-update.win32_2.0.0.202105311346/tools/bin/../lib/gcc/arm-none-eabi/9.3.1/../../../../arm-none-eabi/lib/thumb/v7e-m/nofp\libc_nano.a(lib_a-reent.o)
 .debug_frame   0x0000000000000fe4       0x88 c:/st/stm32cubeide_1.8.0/stm32cubeide/plugins/com.st.stm32cube.ide.mcu.externaltools.gnu-tools-for-stm32.9-2020-q2-update.win32_2.0.0.202105311346/tools/bin/../lib/gcc/arm-none-eabi/9.3.1/../../../../arm-none-eabi/lib/thumb/v7e-m/nofp\libc_nano.a(lib_a-stdio.o)
 .debug_frame   0x000000000000106c       0x2c c:/st/stm32cubeide_1.8.0/stm32cubeide/plugins/com.st.stm32cube.ide.mcu.externaltools.gnu-tools-for-stm32.9-2020-q2-update.win32_2.0.0.202105311346/tools/bin/../lib/gcc/arm-none-eabi/9.3.1/../../../../arm-none-eabi/lib/thumb/v7e-m/nofp\libc_nano.a(lib_a-writer.o)
 .debug_frame   0x0000000000001098       0x2c c:/st/stm32cubeide_1.8.0/stm32cubeide/plugins/com.st.stm32cube.ide.mcu.externaltools.gnu-tools-for-stm32.9-2020-q2-update.win32_2.0.0.202105311346/tools/bin/../lib/gcc/arm-none-eabi/9.3.1/../../../../arm-none-eabi/lib/thumb/v7e-m/nofp\libc_nano.a(lib_a-closer.o)
 .debug_frame   0x00000000000010c4       0x2c c:/st/stm32cubeide_1.8.0/stm32cubeide/plugins/com.st.stm32cube.ide.mcu.externaltools.gnu-tools-for-stm32.9-2020-q2-update.win32_2.0.0.202105311346/tools/bin/../lib/gcc/arm-none-eabi/9.3.1/../../../../arm-none-eabi/lib/thumb/v7e-m/nofp\libc_nano.a(lib_a-fstatr.o)
 .debug_frame   0x00000000000010f0       0x2c c:/st/stm32cubeide_1.8.0/stm32cubeide/plugins/com.st.stm32cube.ide.mcu.externaltools.gnu-tools-for-stm32.9-2020-q2-update.win32_2.0.0.202105311346/tools/bin/../lib/gcc/arm-none-eabi/9.3.1/../../../../arm-none-eabi/lib/thumb/v7e-m/nofp\libc_nano.a(lib_a-isattyr.o)
 .debug_frame   0x000000000000111c       0x2c c:/st/stm32cubeide_1.8.0/stm32cubeide/plugins/com.st.stm32cube.ide.mcu.externaltools.gnu-tools-for-stm32.9-2020-q2-update.win32_2.0.0.202105311346/tools/bin/../lib/gcc/arm-none-eabi/9.3.1/../../../../arm-none-eabi/lib/thumb/v7e-m/nofp\libc_nano.a(lib_a-lseekr.o)
 .debug_frame   0x0000000000001148       0x2c c:/st/stm32cubeide_1.8.0/stm32cubeide/plugins/com.st.stm32cube.ide.mcu.externaltools.gnu-tools-for-stm32.9-2020-q2-update.win32_2.0.0.202105311346/tools/bin/../lib/gcc/arm-none-eabi/9.3.1/../../../../arm-none-eabi/lib/thumb/v7e-m/nofp\libc_nano.a(lib_a-readr.o)
