14:57:05 **** Incremental Build of configuration Debug for project 5_system_driver-ADC ****
make -j12 all 
arm-none-eabi-gcc -mcpu=cortex-m4 -g3 -DDEBUG -c -x assembler-with-cpp -MMD -MP -MF"Startup/startup_stm32f446retx.d" -MT"Startup/startup_stm32f446retx.o" --specs=nano.specs -mfloat-abi=soft -mthumb -o "Startup/startup_stm32f446retx.o" "../Startup/startup_stm32f446retx.s"
arm-none-eabi-gcc "../Src/adc.c" -mcpu=cortex-m4 -std=gnu11 -g3 -DDEBUG -DSTM32F446xx -DSTM32 -DSTM32F4 -DSTM32F446RETx -c -I../Inc -I"C:/Ad_Docs/Embedded Systems/Embedded_Cryptography_Encryption/Embedded_Crypto_Security/5_system_driver-ADC/chip_header/CMSIS/Device/ST/STM32F4xx/Include" -I"C:/Ad_Docs/Embedded Systems/Embedded_Cryptography_Encryption/Embedded_Crypto_Security/5_system_driver-ADC/chip_header/CMSIS/Include" -O0 -ffunction-sections -fdata-sections -Wall -Wconversion -fstack-usage -MMD -MP -MF"Src/adc.d" -MT"Src/adc.o" --specs=nano.specs -mfloat-abi=soft -mthumb -o "Src/adc.o"
arm-none-eabi-gcc "../Src/bsp.c" -mcpu=cortex-m4 -std=gnu11 -g3 -DDEBUG -DSTM32F446xx -DSTM32 -DSTM32F4 -DSTM32F446RETx -c -I../Inc -I"C:/Ad_Docs/Embedded Systems/Embedded_Cryptography_Encryption/Embedded_Crypto_Security/5_system_driver-ADC/chip_header/CMSIS/Device/ST/STM32F4xx/Include" -I"C:/Ad_Docs/Embedded Systems/Embedded_Cryptography_Encryption/Embedded_Crypto_Security/5_system_driver-ADC/chip_header/CMSIS/Include" -O0 -ffunction-sections -fdata-sections -Wall -Wconversion -fstack-usage -MMD -MP -MF"Src/bsp.d" -MT"Src/bsp.o" --specs=nano.specs -mfloat-abi=soft -mthumb -o "Src/bsp.o"
arm-none-eabi-gcc "../Src/fpu.c" -mcpu=cortex-m4 -std=gnu11 -g3 -DDEBUG -DSTM32F446xx -DSTM32 -DSTM32F4 -DSTM32F446RETx -c -I../Inc -I"C:/Ad_Docs/Embedded Systems/Embedded_Cryptography_Encryption/Embedded_Crypto_Security/5_system_driver-ADC/chip_header/CMSIS/Device/ST/STM32F4xx/Include" -I"C:/Ad_Docs/Embedded Systems/Embedded_Cryptography_Encryption/Embedded_Crypto_Security/5_system_driver-ADC/chip_header/CMSIS/Include" -O0 -ffunction-sections -fdata-sections -Wall -Wconversion -fstack-usage -MMD -MP -MF"Src/fpu.d" -MT"Src/fpu.o" --specs=nano.specs -mfloat-abi=soft -mthumb -o "Src/fpu.o"
arm-none-eabi-gcc "../Src/main.c" -mcpu=cortex-m4 -std=gnu11 -g3 -DDEBUG -DSTM32F446xx -DSTM32 -DSTM32F4 -DSTM32F446RETx -c -I../Inc -I"C:/Ad_Docs/Embedded Systems/Embedded_Cryptography_Encryption/Embedded_Crypto_Security/5_system_driver-ADC/chip_header/CMSIS/Device/ST/STM32F4xx/Include" -I"C:/Ad_Docs/Embedded Systems/Embedded_Cryptography_Encryption/Embedded_Crypto_Security/5_system_driver-ADC/chip_header/CMSIS/Include" -O0 -ffunction-sections -fdata-sections -Wall -Wconversion -fstack-usage -MMD -MP -MF"Src/main.d" -MT"Src/main.o" --specs=nano.specs -mfloat-abi=soft -mthumb -o "Src/main.o"
arm-none-eabi-gcc "../Src/syscalls.c" -mcpu=cortex-m4 -std=gnu11 -g3 -DDEBUG -DSTM32F446xx -DSTM32 -DSTM32F4 -DSTM32F446RETx -c -I../Inc -I"C:/Ad_Docs/Embedded Systems/Embedded_Cryptography_Encryption/Embedded_Crypto_Security/5_system_driver-ADC/chip_header/CMSIS/Device/ST/STM32F4xx/Include" -I"C:/Ad_Docs/Embedded Systems/Embedded_Cryptography_Encryption/Embedded_Crypto_Security/5_system_driver-ADC/chip_header/CMSIS/Include" -O0 -ffunction-sections -fdata-sections -Wall -Wconversion -fstack-usage -MMD -MP -MF"Src/syscalls.d" -MT"Src/syscalls.o" --specs=nano.specs -mfloat-abi=soft -mthumb -o "Src/syscalls.o"
arm-none-eabi-gcc "../Src/sysmem.c" -mcpu=cortex-m4 -std=gnu11 -g3 -DDEBUG -DSTM32F446xx -DSTM32 -DSTM32F4 -DSTM32F446RETx -c -I../Inc -I"C:/Ad_Docs/Embedded Systems/Embedded_Cryptography_Encryption/Embedded_Crypto_Security/5_system_driver-ADC/chip_header/CMSIS/Device/ST/STM32F4xx/Include" -I"C:/Ad_Docs/Embedded Systems/Embedded_Cryptography_Encryption/Embedded_Crypto_Security/5_system_driver-ADC/chip_header/CMSIS/Include" -O0 -ffunction-sections -fdata-sections -Wall -Wconversion -fstack-usage -MMD -MP -MF"Src/sysmem.d" -MT"Src/sysmem.o" --specs=nano.specs -mfloat-abi=soft -mthumb -o "Src/sysmem.o"
arm-none-eabi-gcc "../Src/timebase.c" -mcpu=cortex-m4 -std=gnu11 -g3 -DDEBUG -DSTM32F446xx -DSTM32 -DSTM32F4 -DSTM32F446RETx -c -I../Inc -I"C:/Ad_Docs/Embedded Systems/Embedded_Cryptography_Encryption/Embedded_Crypto_Security/5_system_driver-ADC/chip_header/CMSIS/Device/ST/STM32F4xx/Include" -I"C:/Ad_Docs/Embedded Systems/Embedded_Cryptography_Encryption/Embedded_Crypto_Security/5_system_driver-ADC/chip_header/CMSIS/Include" -O0 -ffunction-sections -fdata-sections -Wall -Wconversion -fstack-usage -MMD -MP -MF"Src/timebase.d" -MT"Src/timebase.o" --specs=nano.specs -mfloat-abi=soft -mthumb -o "Src/timebase.o"
arm-none-eabi-gcc "../Src/uart.c" -mcpu=cortex-m4 -std=gnu11 -g3 -DDEBUG -DSTM32F446xx -DSTM32 -DSTM32F4 -DSTM32F446RETx -c -I../Inc -I"C:/Ad_Docs/Embedded Systems/Embedded_Cryptography_Encryption/Embedded_Crypto_Security/5_system_driver-ADC/chip_header/CMSIS/Device/ST/STM32F4xx/Include" -I"C:/Ad_Docs/Embedded Systems/Embedded_Cryptography_Encryption/Embedded_Crypto_Security/5_system_driver-ADC/chip_header/CMSIS/Include" -O0 -ffunction-sections -fdata-sections -Wall -Wconversion -fstack-usage -MMD -MP -MF"Src/uart.d" -MT"Src/uart.o" --specs=nano.specs -mfloat-abi=soft -mthumb -o "Src/uart.o"
../Src/bsp.c: In function 'button_init':
../Src/bsp.c:36:15: warning: unsigned conversion from 'int' to 'long unsigned int' changes value from '-67108865' to '4227858431' [-Wsign-conversion]
   36 |  GPIOC->MODER &=  ~(1<<26);
      |               ^~
../Src/bsp.c:37:15: warning: unsigned conversion from 'int' to 'long unsigned int' changes value from '-134217729' to '4160749567' [-Wsign-conversion]
   37 |  GPIOC->MODER &=  ~(1<<27);
      |               ^~
../Src/syscalls.c: In function '_read':
../Src/syscalls.c:71:12: warning: conversion from 'int' to 'char' may change value [-Wconversion]
   71 |   *ptr++ = __io_getchar();
      |            ^~~~~~~~~~~~
../Src/main.c: In function 'main':
../Src/main.c:59:14: warning: unsigned conversion from 'int' to 'uint8_t' {aka 'unsigned char'} changes value from '-8' to '248' [-Wsign-conversion]
   59 |  uint8_t a = -8;
      |              ^
At top level:
../Src/main.c:36:17: warning: 'adc_val' defined but not used [-Wunused-variable]
   36 | static uint32_t adc_val;
      |                 ^~~~~~~
../Src/uart.c: In function 'compute_uart_bd':
../Src/uart.c:52:39: warning: conversion from 'long unsigned int' to 'uint16_t' {aka 'short unsigned int'} may change value [-Wconversion]
   52 |   return ((periph_clk + (baudrate/2U))/baudrate);
      |          ~~~~~~~~~~~~~~~~~~~~~~~~~~~~~^~~~~~~~~~
arm-none-eabi-gcc -o "5_system_driver-ADC.elf" @"objects.list"   -mcpu=cortex-m4 -T"C:\Ad_Docs\Embedded Systems\Embedded_Cryptography_Encryption\Embedded_Crypto_Security\5_system_driver-ADC\STM32F446RETX_FLASH.ld" --specs=nosys.specs -Wl,-Map="5_system_driver-ADC.map" -Wl,--gc-sections -static --specs=nano.specs -mfloat-abi=soft -mthumb -Wl,--start-group -lc -lm -Wl,--end-group
Finished building target: 5_system_driver-ADC.elf
 
arm-none-eabi-size   5_system_driver-ADC.elf 
arm-none-eabi-objdump -h -S  5_system_driver-ADC.elf  > "5_system_driver-ADC.list"
arm-none-eabi-objcopy  -O binary  5_system_driver-ADC.elf  "5_system_driver-ADC.bin"
   text	   data	    bss	    dec	    hex	filename
   6180	    108	   1604	   7892	   1ed4	5_system_driver-ADC.elf
Finished building: default.size.stdout
 
Finished building: 5_system_driver-ADC.bin
Finished building: 5_system_driver-ADC.list
 
 

14:57:09 Build Finished. 0 errors, 6 warnings. (took 3s.599ms)

