13:56:48 **** Incremental Build of configuration Debug for project 6_crypto_driver-Ceasars ****
make -j12 all 
arm-none-eabi-gcc "../Src/main.c" -mcpu=cortex-m4 -std=gnu11 -g3 -DDEBUG -DSTM32F446xx -DSTM32 -DSTM32F4 -DSTM32F446RETx -c -I../Inc -I"C:/Ad_Docs/Embedded Systems/Embedded_Cryptography_Encryption/Embedded_Crypto_Security/6_crypto_driver-Ceasars/Crypto_Engine/Inc" -I"C:/Ad_Docs/Embedded Systems/Embedded_Cryptography_Encryption/Embedded_Crypto_Security/6_crypto_driver-Ceasars/chip_header/CMSIS/Device/ST/STM32F4xx/Include" -I"C:/Ad_Docs/Embedded Systems/Embedded_Cryptography_Encryption/Embedded_Crypto_Security/6_crypto_driver-Ceasars/chip_header/CMSIS/Include" -O0 -ffunction-sections -fdata-sections -Wall -fstack-usage -MMD -MP -MF"Src/main.d" -MT"Src/main.o" --specs=nano.specs -mfloat-abi=soft -mthumb -o "Src/main.o"
arm-none-eabi-gcc -o "6_crypto_driver-Ceasars.elf" @"objects.list"   -mcpu=cortex-m4 -T"C:\Ad_Docs\Embedded Systems\Embedded_Cryptography_Encryption\Embedded_Crypto_Security\6_crypto_driver-Ceasars\STM32F446RETX_FLASH.ld" --specs=nosys.specs -Wl,-Map="6_crypto_driver-Ceasars.map" -Wl,--gc-sections -static --specs=nano.specs -mfloat-abi=soft -mthumb -Wl,--start-group -lc -lm -Wl,--end-group
Finished building target: 6_crypto_driver-Ceasars.elf
 
arm-none-eabi-size   6_crypto_driver-Ceasars.elf 
arm-none-eabi-objdump -h -S  6_crypto_driver-Ceasars.elf  > "6_crypto_driver-Ceasars.list"
arm-none-eabi-objcopy  -O binary  6_crypto_driver-Ceasars.elf  "6_crypto_driver-Ceasars.bin"
   text	   data	    bss	    dec	    hex	filename
   6948	    108	   1604	   8660	   21d4	6_crypto_driver-Ceasars.elf
Finished building: default.size.stdout
 
Finished building: 6_crypto_driver-Ceasars.list
Finished building: 6_crypto_driver-Ceasars.bin
 
 

13:56:49 Build Finished. 0 errors, 0 warnings. (took 827ms)

