19:17:34 **** Incremental Build of configuration Debug for project 9_crypto_driver-Multiplicative_Cipher ****
make -j12 all 
arm-none-eabi-gcc -mcpu=cortex-m4 -g3 -DDEBUG -c -x assembler-with-cpp -MMD -MP -MF"Startup/startup_stm32f446retx.d" -MT"Startup/startup_stm32f446retx.o" --specs=nano.specs -mfloat-abi=soft -mthumb -o "Startup/startup_stm32f446retx.o" "../Startup/startup_stm32f446retx.s"
arm-none-eabi-gcc "../Src/adc.c" -mcpu=cortex-m4 -std=gnu11 -g3 -DDEBUG -DSTM32F446xx -DSTM32 -DSTM32F4 -DSTM32F446RETx -c -I../Inc -I"C:/Ad_Docs/Embedded Systems/Embedded_Cryptography_Encryption/Embedded_Crypto_Security/9_crypto_driver-Multiplicative_Cipher/Crypto_Engine/Inc" -I"C:/Ad_Docs/Embedded Systems/Embedded_Cryptography_Encryption/Embedded_Crypto_Security/9_crypto_driver-Multiplicative_Cipher/chip_header/CMSIS/Device/ST/STM32F4xx/Include" -I"C:/Ad_Docs/Embedded Systems/Embedded_Cryptography_Encryption/Embedded_Crypto_Security/9_crypto_driver-Multiplicative_Cipher/chip_header/CMSIS/Include" -O0 -ffunction-sections -fdata-sections -Wall -fstack-usage -MMD -MP -MF"Src/adc.d" -MT"Src/adc.o" --specs=nano.specs -mfloat-abi=soft -mthumb -o "Src/adc.o"
arm-none-eabi-gcc "../Src/bsp.c" -mcpu=cortex-m4 -std=gnu11 -g3 -DDEBUG -DSTM32F446xx -DSTM32 -DSTM32F4 -DSTM32F446RETx -c -I../Inc -I"C:/Ad_Docs/Embedded Systems/Embedded_Cryptography_Encryption/Embedded_Crypto_Security/9_crypto_driver-Multiplicative_Cipher/Crypto_Engine/Inc" -I"C:/Ad_Docs/Embedded Systems/Embedded_Cryptography_Encryption/Embedded_Crypto_Security/9_crypto_driver-Multiplicative_Cipher/chip_header/CMSIS/Device/ST/STM32F4xx/Include" -I"C:/Ad_Docs/Embedded Systems/Embedded_Cryptography_Encryption/Embedded_Crypto_Security/9_crypto_driver-Multiplicative_Cipher/chip_header/CMSIS/Include" -O0 -ffunction-sections -fdata-sections -Wall -fstack-usage -MMD -MP -MF"Src/bsp.d" -MT"Src/bsp.o" --specs=nano.specs -mfloat-abi=soft -mthumb -o "Src/bsp.o"
arm-none-eabi-gcc "../Src/fpu.c" -mcpu=cortex-m4 -std=gnu11 -g3 -DDEBUG -DSTM32F446xx -DSTM32 -DSTM32F4 -DSTM32F446RETx -c -I../Inc -I"C:/Ad_Docs/Embedded Systems/Embedded_Cryptography_Encryption/Embedded_Crypto_Security/9_crypto_driver-Multiplicative_Cipher/Crypto_Engine/Inc" -I"C:/Ad_Docs/Embedded Systems/Embedded_Cryptography_Encryption/Embedded_Crypto_Security/9_crypto_driver-Multiplicative_Cipher/chip_header/CMSIS/Device/ST/STM32F4xx/Include" -I"C:/Ad_Docs/Embedded Systems/Embedded_Cryptography_Encryption/Embedded_Crypto_Security/9_crypto_driver-Multiplicative_Cipher/chip_header/CMSIS/Include" -O0 -ffunction-sections -fdata-sections -Wall -fstack-usage -MMD -MP -MF"Src/fpu.d" -MT"Src/fpu.o" --specs=nano.specs -mfloat-abi=soft -mthumb -o "Src/fpu.o"
arm-none-eabi-gcc "../Src/main.c" -mcpu=cortex-m4 -std=gnu11 -g3 -DDEBUG -DSTM32F446xx -DSTM32 -DSTM32F4 -DSTM32F446RETx -c -I../Inc -I"C:/Ad_Docs/Embedded Systems/Embedded_Cryptography_Encryption/Embedded_Crypto_Security/9_crypto_driver-Multiplicative_Cipher/Crypto_Engine/Inc" -I"C:/Ad_Docs/Embedded Systems/Embedded_Cryptography_Encryption/Embedded_Crypto_Security/9_crypto_driver-Multiplicative_Cipher/chip_header/CMSIS/Device/ST/STM32F4xx/Include" -I"C:/Ad_Docs/Embedded Systems/Embedded_Cryptography_Encryption/Embedded_Crypto_Security/9_crypto_driver-Multiplicative_Cipher/chip_header/CMSIS/Include" -O0 -ffunction-sections -fdata-sections -Wall -fstack-usage -MMD -MP -MF"Src/main.d" -MT"Src/main.o" --specs=nano.specs -mfloat-abi=soft -mthumb -o "Src/main.o"
arm-none-eabi-gcc "../Src/syscalls.c" -mcpu=cortex-m4 -std=gnu11 -g3 -DDEBUG -DSTM32F446xx -DSTM32 -DSTM32F4 -DSTM32F446RETx -c -I../Inc -I"C:/Ad_Docs/Embedded Systems/Embedded_Cryptography_Encryption/Embedded_Crypto_Security/9_crypto_driver-Multiplicative_Cipher/Crypto_Engine/Inc" -I"C:/Ad_Docs/Embedded Systems/Embedded_Cryptography_Encryption/Embedded_Crypto_Security/9_crypto_driver-Multiplicative_Cipher/chip_header/CMSIS/Device/ST/STM32F4xx/Include" -I"C:/Ad_Docs/Embedded Systems/Embedded_Cryptography_Encryption/Embedded_Crypto_Security/9_crypto_driver-Multiplicative_Cipher/chip_header/CMSIS/Include" -O0 -ffunction-sections -fdata-sections -Wall -fstack-usage -MMD -MP -MF"Src/syscalls.d" -MT"Src/syscalls.o" --specs=nano.specs -mfloat-abi=soft -mthumb -o "Src/syscalls.o"
arm-none-eabi-gcc "../Src/sysmem.c" -mcpu=cortex-m4 -std=gnu11 -g3 -DDEBUG -DSTM32F446xx -DSTM32 -DSTM32F4 -DSTM32F446RETx -c -I../Inc -I"C:/Ad_Docs/Embedded Systems/Embedded_Cryptography_Encryption/Embedded_Crypto_Security/9_crypto_driver-Multiplicative_Cipher/Crypto_Engine/Inc" -I"C:/Ad_Docs/Embedded Systems/Embedded_Cryptography_Encryption/Embedded_Crypto_Security/9_crypto_driver-Multiplicative_Cipher/chip_header/CMSIS/Device/ST/STM32F4xx/Include" -I"C:/Ad_Docs/Embedded Systems/Embedded_Cryptography_Encryption/Embedded_Crypto_Security/9_crypto_driver-Multiplicative_Cipher/chip_header/CMSIS/Include" -O0 -ffunction-sections -fdata-sections -Wall -fstack-usage -MMD -MP -MF"Src/sysmem.d" -MT"Src/sysmem.o" --specs=nano.specs -mfloat-abi=soft -mthumb -o "Src/sysmem.o"
arm-none-eabi-gcc "../Src/timebase.c" -mcpu=cortex-m4 -std=gnu11 -g3 -DDEBUG -DSTM32F446xx -DSTM32 -DSTM32F4 -DSTM32F446RETx -c -I../Inc -I"C:/Ad_Docs/Embedded Systems/Embedded_Cryptography_Encryption/Embedded_Crypto_Security/9_crypto_driver-Multiplicative_Cipher/Crypto_Engine/Inc" -I"C:/Ad_Docs/Embedded Systems/Embedded_Cryptography_Encryption/Embedded_Crypto_Security/9_crypto_driver-Multiplicative_Cipher/chip_header/CMSIS/Device/ST/STM32F4xx/Include" -I"C:/Ad_Docs/Embedded Systems/Embedded_Cryptography_Encryption/Embedded_Crypto_Security/9_crypto_driver-Multiplicative_Cipher/chip_header/CMSIS/Include" -O0 -ffunction-sections -fdata-sections -Wall -fstack-usage -MMD -MP -MF"Src/timebase.d" -MT"Src/timebase.o" --specs=nano.specs -mfloat-abi=soft -mthumb -o "Src/timebase.o"
arm-none-eabi-gcc "../Src/uart.c" -mcpu=cortex-m4 -std=gnu11 -g3 -DDEBUG -DSTM32F446xx -DSTM32 -DSTM32F4 -DSTM32F446RETx -c -I../Inc -I"C:/Ad_Docs/Embedded Systems/Embedded_Cryptography_Encryption/Embedded_Crypto_Security/9_crypto_driver-Multiplicative_Cipher/Crypto_Engine/Inc" -I"C:/Ad_Docs/Embedded Systems/Embedded_Cryptography_Encryption/Embedded_Crypto_Security/9_crypto_driver-Multiplicative_Cipher/chip_header/CMSIS/Device/ST/STM32F4xx/Include" -I"C:/Ad_Docs/Embedded Systems/Embedded_Cryptography_Encryption/Embedded_Crypto_Security/9_crypto_driver-Multiplicative_Cipher/chip_header/CMSIS/Include" -O0 -ffunction-sections -fdata-sections -Wall -fstack-usage -MMD -MP -MF"Src/uart.d" -MT"Src/uart.o" --specs=nano.specs -mfloat-abi=soft -mthumb -o "Src/uart.o"
arm-none-eabi-gcc "../Crypto_Engine/Src/MonoAlphabetic_Cipher.c" -mcpu=cortex-m4 -std=gnu11 -g3 -DDEBUG -DSTM32F446xx -DSTM32 -DSTM32F4 -DSTM32F446RETx -c -I../Inc -I"C:/Ad_Docs/Embedded Systems/Embedded_Cryptography_Encryption/Embedded_Crypto_Security/9_crypto_driver-Multiplicative_Cipher/Inc" -I"C:/Ad_Docs/Embedded Systems/Embedded_Cryptography_Encryption/Embedded_Crypto_Security/9_crypto_driver-Multiplicative_Cipher/Crypto_Engine/Inc" -I"C:/Ad_Docs/Embedded Systems/Embedded_Cryptography_Encryption/Embedded_Crypto_Security/9_crypto_driver-Multiplicative_Cipher/Crypto_Engine/Src" -I"C:/Ad_Docs/Embedded Systems/Embedded_Cryptography_Encryption/Embedded_Crypto_Security/9_crypto_driver-Multiplicative_Cipher/chip_header/CMSIS/Device/ST/STM32F4xx/Include" -I"C:/Ad_Docs/Embedded Systems/Embedded_Cryptography_Encryption/Embedded_Crypto_Security/9_crypto_driver-Multiplicative_Cipher/chip_header/CMSIS/Include" -I"C:/Ad_Docs/Embedded Systems/Embedded_Cryptography_Encryption/Embedded_Crypto_Security/6_crypto_driver-Ceasars/Inc" -O0 -ffunction-sections -fdata-sections -Wall -fstack-usage -MMD -MP -MF"Crypto_Engine/Src/MonoAlphabetic_Cipher.d" -MT"Crypto_Engine/Src/MonoAlphabetic_Cipher.o" --specs=nano.specs -mfloat-abi=soft -mthumb -o "Crypto_Engine/Src/MonoAlphabetic_Cipher.o"
arm-none-eabi-gcc "../Crypto_Engine/Src/Multiplicative_Cipher.c" -mcpu=cortex-m4 -std=gnu11 -g3 -DDEBUG -DSTM32F446xx -DSTM32 -DSTM32F4 -DSTM32F446RETx -c -I../Inc -I"C:/Ad_Docs/Embedded Systems/Embedded_Cryptography_Encryption/Embedded_Crypto_Security/9_crypto_driver-Multiplicative_Cipher/Inc" -I"C:/Ad_Docs/Embedded Systems/Embedded_Cryptography_Encryption/Embedded_Crypto_Security/9_crypto_driver-Multiplicative_Cipher/Crypto_Engine/Inc" -I"C:/Ad_Docs/Embedded Systems/Embedded_Cryptography_Encryption/Embedded_Crypto_Security/9_crypto_driver-Multiplicative_Cipher/Crypto_Engine/Src" -I"C:/Ad_Docs/Embedded Systems/Embedded_Cryptography_Encryption/Embedded_Crypto_Security/9_crypto_driver-Multiplicative_Cipher/chip_header/CMSIS/Device/ST/STM32F4xx/Include" -I"C:/Ad_Docs/Embedded Systems/Embedded_Cryptography_Encryption/Embedded_Crypto_Security/9_crypto_driver-Multiplicative_Cipher/chip_header/CMSIS/Include" -I"C:/Ad_Docs/Embedded Systems/Embedded_Cryptography_Encryption/Embedded_Crypto_Security/6_crypto_driver-Ceasars/Inc" -O0 -ffunction-sections -fdata-sections -Wall -fstack-usage -MMD -MP -MF"Crypto_Engine/Src/Multiplicative_Cipher.d" -MT"Crypto_Engine/Src/Multiplicative_Cipher.o" --specs=nano.specs -mfloat-abi=soft -mthumb -o "Crypto_Engine/Src/Multiplicative_Cipher.o"
arm-none-eabi-gcc "../Crypto_Engine/Src/PolyAlphabetic_Cipher.c" -mcpu=cortex-m4 -std=gnu11 -g3 -DDEBUG -DSTM32F446xx -DSTM32 -DSTM32F4 -DSTM32F446RETx -c -I../Inc -I"C:/Ad_Docs/Embedded Systems/Embedded_Cryptography_Encryption/Embedded_Crypto_Security/9_crypto_driver-Multiplicative_Cipher/Inc" -I"C:/Ad_Docs/Embedded Systems/Embedded_Cryptography_Encryption/Embedded_Crypto_Security/9_crypto_driver-Multiplicative_Cipher/Crypto_Engine/Inc" -I"C:/Ad_Docs/Embedded Systems/Embedded_Cryptography_Encryption/Embedded_Crypto_Security/9_crypto_driver-Multiplicative_Cipher/Crypto_Engine/Src" -I"C:/Ad_Docs/Embedded Systems/Embedded_Cryptography_Encryption/Embedded_Crypto_Security/9_crypto_driver-Multiplicative_Cipher/chip_header/CMSIS/Device/ST/STM32F4xx/Include" -I"C:/Ad_Docs/Embedded Systems/Embedded_Cryptography_Encryption/Embedded_Crypto_Security/9_crypto_driver-Multiplicative_Cipher/chip_header/CMSIS/Include" -I"C:/Ad_Docs/Embedded Systems/Embedded_Cryptography_Encryption/Embedded_Crypto_Security/6_crypto_driver-Ceasars/Inc" -O0 -ffunction-sections -fdata-sections -Wall -fstack-usage -MMD -MP -MF"Crypto_Engine/Src/PolyAlphabetic_Cipher.d" -MT"Crypto_Engine/Src/PolyAlphabetic_Cipher.o" --specs=nano.specs -mfloat-abi=soft -mthumb -o "Crypto_Engine/Src/PolyAlphabetic_Cipher.o"
arm-none-eabi-gcc "../Crypto_Engine/Src/ceasars_cipher.c" -mcpu=cortex-m4 -std=gnu11 -g3 -DDEBUG -DSTM32F446xx -DSTM32 -DSTM32F4 -DSTM32F446RETx -c -I../Inc -I"C:/Ad_Docs/Embedded Systems/Embedded_Cryptography_Encryption/Embedded_Crypto_Security/9_crypto_driver-Multiplicative_Cipher/Inc" -I"C:/Ad_Docs/Embedded Systems/Embedded_Cryptography_Encryption/Embedded_Crypto_Security/9_crypto_driver-Multiplicative_Cipher/Crypto_Engine/Inc" -I"C:/Ad_Docs/Embedded Systems/Embedded_Cryptography_Encryption/Embedded_Crypto_Security/9_crypto_driver-Multiplicative_Cipher/Crypto_Engine/Src" -I"C:/Ad_Docs/Embedded Systems/Embedded_Cryptography_Encryption/Embedded_Crypto_Security/9_crypto_driver-Multiplicative_Cipher/chip_header/CMSIS/Device/ST/STM32F4xx/Include" -I"C:/Ad_Docs/Embedded Systems/Embedded_Cryptography_Encryption/Embedded_Crypto_Security/9_crypto_driver-Multiplicative_Cipher/chip_header/CMSIS/Include" -I"C:/Ad_Docs/Embedded Systems/Embedded_Cryptography_Encryption/Embedded_Crypto_Security/6_crypto_driver-Ceasars/Inc" -O0 -ffunction-sections -fdata-sections -Wall -fstack-usage -MMD -MP -MF"Crypto_Engine/Src/ceasars_cipher.d" -MT"Crypto_Engine/Src/ceasars_cipher.o" --specs=nano.specs -mfloat-abi=soft -mthumb -o "Crypto_Engine/Src/ceasars_cipher.o"
arm-none-eabi-gcc -o "9_crypto_driver-Multiplicative_Cipher.elf" @"objects.list"   -mcpu=cortex-m4 -T"C:\Ad_Docs\Embedded Systems\Embedded_Cryptography_Encryption\Embedded_Crypto_Security\9_crypto_driver-Multiplicative_Cipher\STM32F446RETX_FLASH.ld" --specs=nosys.specs -Wl,-Map="9_crypto_driver-Multiplicative_Cipher.map" -Wl,--gc-sections -static --specs=nano.specs -mfloat-abi=soft -mthumb -Wl,--start-group -lc -lm -Wl,--end-group
Finished building target: 9_crypto_driver-Multiplicative_Cipher.elf
 
arm-none-eabi-size   9_crypto_driver-Multiplicative_Cipher.elf 
arm-none-eabi-objdump -h -S  9_crypto_driver-Multiplicative_Cipher.elf  > "9_crypto_driver-Multiplicative_Cipher.list"
   text	   data	    bss	    dec	    hex	filename
  11076	    116	   1604	  12796	   31fc	9_crypto_driver-Multiplicative_Cipher.elf
arm-none-eabi-objcopy  -O binary  9_crypto_driver-Multiplicative_Cipher.elf  "9_crypto_driver-Multiplicative_Cipher.bin"
Finished building: default.size.stdout
 
Finished building: 9_crypto_driver-Multiplicative_Cipher.bin
Finished building: 9_crypto_driver-Multiplicative_Cipher.list
 
 

19:17:38 Build Finished. 0 errors, 0 warnings. (took 3s.575ms)

